<?xml version="1.0"?>
<link_info>
   <banner>MSP430 Linker PC v4.3.3</banner>
   <copyright>Copyright (c) 2003-2014 Texas Instruments Incorporated</copyright>
   <link_time>0x572ddba0</link_time>
   <link_errors>0x0</link_errors>
   <output_file>SmartTrolleyCase.out</output_file>
   <entry_point>
      <name>_c_int00</name>
      <address>0x4478</address>
   </entry_point>
   <input_file_list>
      <input_file id="fl-2">
         <path>.\</path>
         <kind>object</kind>
         <file>main.obj</file>
         <name>main.obj</name>
      </input_file>
      <input_file id="fl-3">
         <path>.\</path>
         <kind>object</kind>
         <file>printf.obj</file>
         <name>printf.obj</name>
      </input_file>
      <input_file id="fl-4">
         <path>.\MSP-EXP430F5529_HAL\</path>
         <kind>object</kind>
         <file>HAL_AppUart.obj</file>
         <name>HAL_AppUart.obj</name>
      </input_file>
      <input_file id="fl-5">
         <path>.\MSP-EXP430F5529_HAL\</path>
         <kind>object</kind>
         <file>HAL_Board.obj</file>
         <name>HAL_Board.obj</name>
      </input_file>
      <input_file id="fl-6">
         <path>.\MSP-EXP430F5529_HAL\</path>
         <kind>object</kind>
         <file>HAL_Buttons.obj</file>
         <name>HAL_Buttons.obj</name>
      </input_file>
      <input_file id="fl-7">
         <path>.\MSP-EXP430F5529_HAL\</path>
         <kind>object</kind>
         <file>HAL_Cma3000.obj</file>
         <name>HAL_Cma3000.obj</name>
      </input_file>
      <input_file id="fl-8">
         <path>.\MSP-EXP430F5529_HAL\</path>
         <kind>object</kind>
         <file>HAL_Dogs102x6.obj</file>
         <name>HAL_Dogs102x6.obj</name>
      </input_file>
      <input_file id="fl-9">
         <path>.\MSP-EXP430F5529_HAL\</path>
         <kind>object</kind>
         <file>HAL_Menu.obj</file>
         <name>HAL_Menu.obj</name>
      </input_file>
      <input_file id="fl-a">
         <path>.\MSP-EXP430F5529_HAL\</path>
         <kind>object</kind>
         <file>HAL_SDCard.obj</file>
         <name>HAL_SDCard.obj</name>
      </input_file>
      <input_file id="fl-b">
         <path>.\MSP-EXP430F5529_HAL\</path>
         <kind>object</kind>
         <file>HAL_Wheel.obj</file>
         <name>HAL_Wheel.obj</name>
      </input_file>
      <input_file id="fl-c">
         <path>.\F5xx_F6xx_Core_Lib\</path>
         <kind>object</kind>
         <file>HAL_FLASH.obj</file>
         <name>HAL_FLASH.obj</name>
      </input_file>
      <input_file id="fl-d">
         <path>.\F5xx_F6xx_Core_Lib\</path>
         <kind>object</kind>
         <file>HAL_PMAP.obj</file>
         <name>HAL_PMAP.obj</name>
      </input_file>
      <input_file id="fl-e">
         <path>.\F5xx_F6xx_Core_Lib\</path>
         <kind>object</kind>
         <file>HAL_PMM.obj</file>
         <name>HAL_PMM.obj</name>
      </input_file>
      <input_file id="fl-f">
         <path>.\F5xx_F6xx_Core_Lib\</path>
         <kind>object</kind>
         <file>HAL_TLV.obj</file>
         <name>HAL_TLV.obj</name>
      </input_file>
      <input_file id="fl-10">
         <path>.\F5xx_F6xx_Core_Lib\</path>
         <kind>object</kind>
         <file>HAL_UCS.obj</file>
         <name>HAL_UCS.obj</name>
      </input_file>
      <input_file id="fl-11">
         <path>.\Drivers\GPS\</path>
         <kind>object</kind>
         <file>UBLOX_6M.obj</file>
         <name>UBLOX_6M.obj</name>
      </input_file>
      <input_file id="fl-40">
         <path>D:\Program Files\TI\ccsv6\tools\compiler\msp430_4.3.3\lib\</path>
         <kind>archive</kind>
         <file>rts430x_lc_rd_eabi.lib</file>
         <name>asr16.obj</name>
      </input_file>
      <input_file id="fl-41">
         <path>D:\Program Files\TI\ccsv6\tools\compiler\msp430_4.3.3\lib\</path>
         <kind>archive</kind>
         <file>rts430x_lc_rd_eabi.lib</file>
         <name>boot.obj</name>
      </input_file>
      <input_file id="fl-42">
         <path>D:\Program Files\TI\ccsv6\tools\compiler\msp430_4.3.3\lib\</path>
         <kind>archive</kind>
         <file>rts430x_lc_rd_eabi.lib</file>
         <name>copy_decompress_none.obj</name>
      </input_file>
      <input_file id="fl-43">
         <path>D:\Program Files\TI\ccsv6\tools\compiler\msp430_4.3.3\lib\</path>
         <kind>archive</kind>
         <file>rts430x_lc_rd_eabi.lib</file>
         <name>copy_decompress_rle.obj</name>
      </input_file>
      <input_file id="fl-44">
         <path>D:\Program Files\TI\ccsv6\tools\compiler\msp430_4.3.3\lib\</path>
         <kind>archive</kind>
         <file>rts430x_lc_rd_eabi.lib</file>
         <name>copy_zero_init.obj</name>
      </input_file>
      <input_file id="fl-45">
         <path>D:\Program Files\TI\ccsv6\tools\compiler\msp430_4.3.3\lib\</path>
         <kind>archive</kind>
         <file>rts430x_lc_rd_eabi.lib</file>
         <name>div16u.obj</name>
      </input_file>
      <input_file id="fl-46">
         <path>D:\Program Files\TI\ccsv6\tools\compiler\msp430_4.3.3\lib\</path>
         <kind>archive</kind>
         <file>rts430x_lc_rd_eabi.lib</file>
         <name>exit.obj</name>
      </input_file>
      <input_file id="fl-47">
         <path>D:\Program Files\TI\ccsv6\tools\compiler\msp430_4.3.3\lib\</path>
         <kind>archive</kind>
         <file>rts430x_lc_rd_eabi.lib</file>
         <name>int41.obj</name>
      </input_file>
      <input_file id="fl-48">
         <path>D:\Program Files\TI\ccsv6\tools\compiler\msp430_4.3.3\lib\</path>
         <kind>archive</kind>
         <file>rts430x_lc_rd_eabi.lib</file>
         <name>int43.obj</name>
      </input_file>
      <input_file id="fl-49">
         <path>D:\Program Files\TI\ccsv6\tools\compiler\msp430_4.3.3\lib\</path>
         <kind>archive</kind>
         <file>rts430x_lc_rd_eabi.lib</file>
         <name>int44.obj</name>
      </input_file>
      <input_file id="fl-4a">
         <path>D:\Program Files\TI\ccsv6\tools\compiler\msp430_4.3.3\lib\</path>
         <kind>archive</kind>
         <file>rts430x_lc_rd_eabi.lib</file>
         <name>int45.obj</name>
      </input_file>
      <input_file id="fl-4b">
         <path>D:\Program Files\TI\ccsv6\tools\compiler\msp430_4.3.3\lib\</path>
         <kind>archive</kind>
         <file>rts430x_lc_rd_eabi.lib</file>
         <name>int46.obj</name>
      </input_file>
      <input_file id="fl-4c">
         <path>D:\Program Files\TI\ccsv6\tools\compiler\msp430_4.3.3\lib\</path>
         <kind>archive</kind>
         <file>rts430x_lc_rd_eabi.lib</file>
         <name>int48.obj</name>
      </input_file>
      <input_file id="fl-4d">
         <path>D:\Program Files\TI\ccsv6\tools\compiler\msp430_4.3.3\lib\</path>
         <kind>archive</kind>
         <file>rts430x_lc_rd_eabi.lib</file>
         <name>int49.obj</name>
      </input_file>
      <input_file id="fl-4e">
         <path>D:\Program Files\TI\ccsv6\tools\compiler\msp430_4.3.3\lib\</path>
         <kind>archive</kind>
         <file>rts430x_lc_rd_eabi.lib</file>
         <name>int50.obj</name>
      </input_file>
      <input_file id="fl-4f">
         <path>D:\Program Files\TI\ccsv6\tools\compiler\msp430_4.3.3\lib\</path>
         <kind>archive</kind>
         <file>rts430x_lc_rd_eabi.lib</file>
         <name>int51.obj</name>
      </input_file>
      <input_file id="fl-50">
         <path>D:\Program Files\TI\ccsv6\tools\compiler\msp430_4.3.3\lib\</path>
         <kind>archive</kind>
         <file>rts430x_lc_rd_eabi.lib</file>
         <name>int52.obj</name>
      </input_file>
      <input_file id="fl-51">
         <path>D:\Program Files\TI\ccsv6\tools\compiler\msp430_4.3.3\lib\</path>
         <kind>archive</kind>
         <file>rts430x_lc_rd_eabi.lib</file>
         <name>int53.obj</name>
      </input_file>
      <input_file id="fl-52">
         <path>D:\Program Files\TI\ccsv6\tools\compiler\msp430_4.3.3\lib\</path>
         <kind>archive</kind>
         <file>rts430x_lc_rd_eabi.lib</file>
         <name>int55.obj</name>
      </input_file>
      <input_file id="fl-53">
         <path>D:\Program Files\TI\ccsv6\tools\compiler\msp430_4.3.3\lib\</path>
         <kind>archive</kind>
         <file>rts430x_lc_rd_eabi.lib</file>
         <name>int56.obj</name>
      </input_file>
      <input_file id="fl-54">
         <path>D:\Program Files\TI\ccsv6\tools\compiler\msp430_4.3.3\lib\</path>
         <kind>archive</kind>
         <file>rts430x_lc_rd_eabi.lib</file>
         <name>int58.obj</name>
      </input_file>
      <input_file id="fl-55">
         <path>D:\Program Files\TI\ccsv6\tools\compiler\msp430_4.3.3\lib\</path>
         <kind>archive</kind>
         <file>rts430x_lc_rd_eabi.lib</file>
         <name>int59.obj</name>
      </input_file>
      <input_file id="fl-56">
         <path>D:\Program Files\TI\ccsv6\tools\compiler\msp430_4.3.3\lib\</path>
         <kind>archive</kind>
         <file>rts430x_lc_rd_eabi.lib</file>
         <name>int60.obj</name>
      </input_file>
      <input_file id="fl-57">
         <path>D:\Program Files\TI\ccsv6\tools\compiler\msp430_4.3.3\lib\</path>
         <kind>archive</kind>
         <file>rts430x_lc_rd_eabi.lib</file>
         <name>int61.obj</name>
      </input_file>
      <input_file id="fl-58">
         <path>D:\Program Files\TI\ccsv6\tools\compiler\msp430_4.3.3\lib\</path>
         <kind>archive</kind>
         <file>rts430x_lc_rd_eabi.lib</file>
         <name>int62.obj</name>
      </input_file>
      <input_file id="fl-59">
         <path>D:\Program Files\TI\ccsv6\tools\compiler\msp430_4.3.3\lib\</path>
         <kind>archive</kind>
         <file>rts430x_lc_rd_eabi.lib</file>
         <name>isr_trap.obj</name>
      </input_file>
      <input_file id="fl-5a">
         <path>D:\Program Files\TI\ccsv6\tools\compiler\msp430_4.3.3\lib\</path>
         <kind>archive</kind>
         <file>rts430x_lc_rd_eabi.lib</file>
         <name>lsl16.obj</name>
      </input_file>
      <input_file id="fl-5b">
         <path>D:\Program Files\TI\ccsv6\tools\compiler\msp430_4.3.3\lib\</path>
         <kind>archive</kind>
         <file>rts430x_lc_rd_eabi.lib</file>
         <name>lsr16.obj</name>
      </input_file>
      <input_file id="fl-5c">
         <path>D:\Program Files\TI\ccsv6\tools\compiler\msp430_4.3.3\lib\</path>
         <kind>archive</kind>
         <file>rts430x_lc_rd_eabi.lib</file>
         <name>memcpy.obj</name>
      </input_file>
      <input_file id="fl-5d">
         <path>D:\Program Files\TI\ccsv6\tools\compiler\msp430_4.3.3\lib\</path>
         <kind>archive</kind>
         <file>rts430x_lc_rd_eabi.lib</file>
         <name>memset.obj</name>
      </input_file>
      <input_file id="fl-5e">
         <path>D:\Program Files\TI\ccsv6\tools\compiler\msp430_4.3.3\lib\</path>
         <kind>archive</kind>
         <file>rts430x_lc_rd_eabi.lib</file>
         <name>mpu_init.obj</name>
      </input_file>
      <input_file id="fl-5f">
         <path>D:\Program Files\TI\ccsv6\tools\compiler\msp430_4.3.3\lib\</path>
         <kind>archive</kind>
         <file>rts430x_lc_rd_eabi.lib</file>
         <name>mult16_f5hw.obj</name>
      </input_file>
      <input_file id="fl-60">
         <path>D:\Program Files\TI\ccsv6\tools\compiler\msp430_4.3.3\lib\</path>
         <kind>archive</kind>
         <file>rts430x_lc_rd_eabi.lib</file>
         <name>pre_init.obj</name>
      </input_file>
      <input_file id="fl-61">
         <path>D:\Program Files\TI\ccsv6\tools\compiler\msp430_4.3.3\lib\</path>
         <kind>archive</kind>
         <file>rts430x_lc_rd_eabi.lib</file>
         <name>printf.obj</name>
      </input_file>
      <input_file id="fl-62">
         <path>D:\Program Files\TI\ccsv6\tools\compiler\msp430_4.3.3\lib\</path>
         <kind>archive</kind>
         <file>rts430x_lc_rd_eabi.lib</file>
         <name>_lock.obj</name>
      </input_file>
      <input_file id="fl-63">
         <path>D:\Program Files\TI\ccsv6\tools\compiler\msp430_4.3.3\lib\</path>
         <kind>archive</kind>
         <file>rts430x_lc_rd_eabi.lib</file>
         <name>_printfi_min.obj</name>
      </input_file>
      <input_file id="fl-64">
         <path>D:\Program Files\TI\ccsv6\tools\compiler\msp430_4.3.3\lib\</path>
         <kind>archive</kind>
         <file>rts430x_lc_rd_eabi.lib</file>
         <name>args_main.obj</name>
      </input_file>
      <input_file id="fl-65">
         <path>D:\Program Files\TI\ccsv6\tools\compiler\msp430_4.3.3\lib\</path>
         <kind>archive</kind>
         <file>rts430x_lc_rd_eabi.lib</file>
         <name>autoinit.obj</name>
      </input_file>
      <input_file id="fl-66">
         <path>D:\Program Files\TI\ccsv6\tools\compiler\msp430_4.3.3\lib\</path>
         <kind>archive</kind>
         <file>rts430x_lc_rd_eabi.lib</file>
         <name>defs.obj</name>
      </input_file>
      <input_file id="fl-67">
         <path>D:\Program Files\TI\ccsv6\tools\compiler\msp430_4.3.3\lib\</path>
         <kind>archive</kind>
         <file>rts430x_lc_rd_eabi.lib</file>
         <name>fputs.obj</name>
      </input_file>
      <input_file id="fl-68">
         <path>D:\Program Files\TI\ccsv6\tools\compiler\msp430_4.3.3\lib\</path>
         <kind>archive</kind>
         <file>rts430x_lc_rd_eabi.lib</file>
         <name>lowlev.obj</name>
      </input_file>
      <input_file id="fl-69">
         <path>D:\Program Files\TI\ccsv6\tools\compiler\msp430_4.3.3\lib\</path>
         <kind>archive</kind>
         <file>rts430x_lc_rd_eabi.lib</file>
         <name>memccpy.obj</name>
      </input_file>
      <input_file id="fl-6a">
         <path>D:\Program Files\TI\ccsv6\tools\compiler\msp430_4.3.3\lib\</path>
         <kind>archive</kind>
         <file>rts430x_lc_rd_eabi.lib</file>
         <name>memchr.obj</name>
      </input_file>
      <input_file id="fl-6b">
         <path>D:\Program Files\TI\ccsv6\tools\compiler\msp430_4.3.3\lib\</path>
         <kind>archive</kind>
         <file>rts430x_lc_rd_eabi.lib</file>
         <name>strchr.obj</name>
      </input_file>
      <input_file id="fl-6c">
         <path>D:\Program Files\TI\ccsv6\tools\compiler\msp430_4.3.3\lib\</path>
         <kind>archive</kind>
         <file>rts430x_lc_rd_eabi.lib</file>
         <name>strcmp.obj</name>
      </input_file>
      <input_file id="fl-6d">
         <path>D:\Program Files\TI\ccsv6\tools\compiler\msp430_4.3.3\lib\</path>
         <kind>archive</kind>
         <file>rts430x_lc_rd_eabi.lib</file>
         <name>strlen.obj</name>
      </input_file>
      <input_file id="fl-6e">
         <path>D:\Program Files\TI\ccsv6\tools\compiler\msp430_4.3.3\lib\</path>
         <kind>archive</kind>
         <file>rts430x_lc_rd_eabi.lib</file>
         <name>strncpy.obj</name>
      </input_file>
      <input_file id="fl-6f">
         <path>D:\Program Files\TI\ccsv6\tools\compiler\msp430_4.3.3\lib\</path>
         <kind>archive</kind>
         <file>rts430x_lc_rd_eabi.lib</file>
         <name>trgdrv.obj</name>
      </input_file>
      <input_file id="fl-70">
         <path>D:\Program Files\TI\ccsv6\tools\compiler\msp430_4.3.3\lib\</path>
         <kind>archive</kind>
         <file>rts430x_lc_rd_eabi.lib</file>
         <name>trgmsg.obj</name>
      </input_file>
      <input_file id="fl-71">
         <path>D:\Program Files\TI\ccsv6\tools\compiler\msp430_4.3.3\lib\</path>
         <kind>archive</kind>
         <file>rts430x_lc_rd_eabi.lib</file>
         <name>_io_perm.obj</name>
      </input_file>
      <input_file id="fl-72">
         <path>D:\Program Files\TI\ccsv6\tools\compiler\msp430_4.3.3\lib\</path>
         <kind>archive</kind>
         <file>rts430x_lc_rd_eabi.lib</file>
         <name>div16s.obj</name>
      </input_file>
      <input_file id="fl-73">
         <path>D:\Program Files\TI\ccsv6\tools\compiler\msp430_4.3.3\lib\</path>
         <kind>archive</kind>
         <file>rts430x_lc_rd_eabi.lib</file>
         <name>fflush.obj</name>
      </input_file>
      <input_file id="fl-74">
         <path>D:\Program Files\TI\ccsv6\tools\compiler\msp430_4.3.3\lib\</path>
         <kind>archive</kind>
         <file>rts430x_lc_rd_eabi.lib</file>
         <name>fseek.obj</name>
      </input_file>
      <input_file id="fl-75">
         <path>D:\Program Files\TI\ccsv6\tools\compiler\msp430_4.3.3\lib\</path>
         <kind>archive</kind>
         <file>rts430x_lc_rd_eabi.lib</file>
         <name>lsl32.obj</name>
      </input_file>
      <input_file id="fl-76">
         <path>D:\Program Files\TI\ccsv6\tools\compiler\msp430_4.3.3\lib\</path>
         <kind>archive</kind>
         <file>rts430x_lc_rd_eabi.lib</file>
         <name>lsr32.obj</name>
      </input_file>
      <input_file id="fl-77">
         <path>D:\Program Files\TI\ccsv6\tools\compiler\msp430_4.3.3\lib\</path>
         <kind>archive</kind>
         <file>rts430x_lc_rd_eabi.lib</file>
         <name>setvbuf.obj</name>
      </input_file>
      <input_file id="fl-78">
         <path>D:\Program Files\TI\ccsv6\tools\compiler\msp430_4.3.3\lib\</path>
         <kind>archive</kind>
         <file>rts430x_lc_rd_eabi.lib</file>
         <name>strcpy.obj</name>
      </input_file>
      <input_file id="fl-79">
         <path>D:\Program Files\TI\ccsv6\tools\compiler\msp430_4.3.3\lib\</path>
         <kind>archive</kind>
         <file>rts430x_lc_rd_eabi.lib</file>
         <name>fopen.obj</name>
      </input_file>
      <input_file id="fl-7a">
         <path>D:\Program Files\TI\ccsv6\tools\compiler\msp430_4.3.3\lib\</path>
         <kind>archive</kind>
         <file>rts430x_lc_rd_eabi.lib</file>
         <name>memory.obj</name>
      </input_file>
      <input_file id="fl-7b">
         <path>D:\Program Files\TI\ccsv6\tools\compiler\msp430_4.3.3\lib\</path>
         <kind>archive</kind>
         <file>rts430x_lc_rd_eabi.lib</file>
         <name>fclose.obj</name>
      </input_file>
      <input_file id="fl-7c">
         <path>D:\Program Files\TI\ccsv6\tools\compiler\msp430_4.3.3\lib\</path>
         <kind>archive</kind>
         <file>rts430x_lc_rd_eabi.lib</file>
         <name>remove.obj</name>
      </input_file>
   </input_file_list>
   <object_component_list>
      <object_component id="oc-9b">
         <name>.sysmem</name>
         <uninitialized>true</uninitialized>
         <run_address>0x2768</run_address>
         <size>0x6</size>
         <input_file_ref idref="fl-7a"/>
      </object_component>
      <object_component id="oc-446">
         <name>.sysmem</name>
         <uninitialized>true</uninitialized>
         <run_address>0x2768</run_address>
         <size>0x0</size>
      </object_component>
      <object_component id="oc-97">
         <name>.stack</name>
         <uninitialized>true</uninitialized>
         <run_address>0x4360</run_address>
         <size>0x4</size>
         <input_file_ref idref="fl-41"/>
      </object_component>
      <object_component id="oc-445">
         <name>.stack</name>
         <uninitialized>true</uninitialized>
         <run_address>0x4360</run_address>
         <size>0x0</size>
      </object_component>
      <object_component id="oc-1ea">
         <name>.text:_setfield</name>
         <load_address>0x10000</load_address>
         <run_address>0x10000</run_address>
         <size>0x132</size>
         <input_file_ref idref="fl-63"/>
      </object_component>
      <object_component id="oc-1d6">
         <name>.text:fputs</name>
         <load_address>0x10132</load_address>
         <run_address>0x10132</run_address>
         <size>0xf0</size>
         <input_file_ref idref="fl-67"/>
      </object_component>
      <object_component id="oc-1ca">
         <name>.text:Init_FLL</name>
         <load_address>0x10222</load_address>
         <run_address>0x10222</run_address>
         <size>0xe8</size>
         <input_file_ref idref="fl-10"/>
      </object_component>
      <object_component id="oc-16a">
         <name>.text:Board_init</name>
         <load_address>0x1030a</load_address>
         <run_address>0x1030a</run_address>
         <size>0xe4</size>
         <input_file_ref idref="fl-5"/>
      </object_component>
      <object_component id="oc-259">
         <name>.text:setvbuf</name>
         <load_address>0x103ee</load_address>
         <run_address>0x103ee</run_address>
         <size>0xe0</size>
         <input_file_ref idref="fl-77"/>
      </object_component>
      <object_component id="oc-1bc">
         <name>.text:SetVCoreUp</name>
         <load_address>0x104ce</load_address>
         <run_address>0x104ce</run_address>
         <size>0xd4</size>
         <input_file_ref idref="fl-e"/>
      </object_component>
      <object_component id="oc-19a">
         <name>.text:__TI_printfi_minimal</name>
         <load_address>0x105a2</load_address>
         <run_address>0x105a2</run_address>
         <size>0xd2</size>
         <input_file_ref idref="fl-63"/>
      </object_component>
      <object_component id="oc-29b">
         <name>.text:malloc</name>
         <load_address>0x10674</load_address>
         <run_address>0x10674</run_address>
         <size>0xba</size>
         <input_file_ref idref="fl-7a"/>
      </object_component>
      <object_component id="oc-30a">
         <name>.text:HOSTlseek</name>
         <load_address>0x1072e</load_address>
         <run_address>0x1072e</run_address>
         <size>0x9e</size>
         <input_file_ref idref="fl-6f"/>
      </object_component>
      <object_component id="oc-1c2">
         <name>.text:SetVCoreDown</name>
         <load_address>0x107cc</load_address>
         <run_address>0x107cc</run_address>
         <size>0x9a</size>
         <input_file_ref idref="fl-e"/>
      </object_component>
      <object_component id="oc-295">
         <name>.text:free</name>
         <load_address>0x10866</load_address>
         <run_address>0x10866</run_address>
         <size>0x8e</size>
         <input_file_ref idref="fl-7a"/>
      </object_component>
      <object_component id="oc-213">
         <name>.text:__TI_wrt_ok</name>
         <load_address>0x108f4</load_address>
         <run_address>0x108f4</run_address>
         <size>0x7e</size>
         <input_file_ref idref="fl-71"/>
      </object_component>
      <object_component id="oc-316">
         <name>.text:HOSTrename</name>
         <load_address>0x10972</load_address>
         <run_address>0x10972</run_address>
         <size>0x74</size>
         <input_file_ref idref="fl-6f"/>
      </object_component>
      <object_component id="oc-2e6">
         <name>.text:__TI_closefile</name>
         <load_address>0x109e6</load_address>
         <run_address>0x109e6</run_address>
         <size>0x70</size>
         <input_file_ref idref="fl-7b"/>
      </object_component>
      <object_component id="oc-2f2">
         <name>.text:HOSTopen</name>
         <load_address>0x10a56</load_address>
         <run_address>0x10a56</run_address>
         <size>0x6e</size>
         <input_file_ref idref="fl-6f"/>
      </object_component>
      <object_component id="oc-b5">
         <name>.text:_auto_init_hold_wdt</name>
         <load_address>0x10ac4</load_address>
         <run_address>0x10ac4</run_address>
         <size>0x6e</size>
         <input_file_ref idref="fl-65"/>
      </object_component>
      <object_component id="oc-304">
         <name>.text:HOSTwrite</name>
         <load_address>0x10b32</load_address>
         <run_address>0x10b32</run_address>
         <size>0x6a</size>
         <input_file_ref idref="fl-6f"/>
      </object_component>
      <object_component id="oc-253">
         <name>.text:fseek</name>
         <load_address>0x10b9c</load_address>
         <run_address>0x10b9c</run_address>
         <size>0x6a</size>
         <input_file_ref idref="fl-74"/>
      </object_component>
      <object_component id="oc-2fe">
         <name>.text:HOSTread</name>
         <load_address>0x10c06</load_address>
         <run_address>0x10c06</run_address>
         <size>0x68</size>
         <input_file_ref idref="fl-6f"/>
      </object_component>
      <object_component id="oc-21f">
         <name>.text:__TI_doflush</name>
         <load_address>0x10c6e</load_address>
         <run_address>0x10c6e</run_address>
         <size>0x64</size>
         <input_file_ref idref="fl-73"/>
      </object_component>
      <object_component id="oc-e8">
         <name>.text:__TI_decompress_rle_core</name>
         <load_address>0x10cd2</load_address>
         <run_address>0x10cd2</run_address>
         <size>0x62</size>
         <input_file_ref idref="fl-43"/>
      </object_component>
      <object_component id="oc-282">
         <name>.text:_ltostr</name>
         <load_address>0x10d34</load_address>
         <run_address>0x10d34</run_address>
         <size>0x5a</size>
         <input_file_ref idref="fl-63"/>
      </object_component>
      <object_component id="oc-32c">
         <name>.text:close</name>
         <load_address>0x10d8e</load_address>
         <run_address>0x10d8e</run_address>
         <size>0x5a</size>
         <input_file_ref idref="fl-68"/>
      </object_component>
      <object_component id="oc-398">
         <name>.text:getdevice</name>
         <load_address>0x10de8</load_address>
         <run_address>0x10de8</run_address>
         <size>0x5a</size>
         <input_file_ref idref="fl-68"/>
      </object_component>
      <object_component id="oc-2f8">
         <name>.text:HOSTclose</name>
         <load_address>0x10e42</load_address>
         <run_address>0x10e42</run_address>
         <size>0x4c</size>
         <input_file_ref idref="fl-6f"/>
      </object_component>
      <object_component id="oc-238">
         <name>.text:_pproc_diouxp</name>
         <load_address>0x10e8e</load_address>
         <run_address>0x10e8e</run_address>
         <size>0x4c</size>
         <input_file_ref idref="fl-63"/>
      </object_component>
      <object_component id="oc-128">
         <name>.text:printf</name>
         <load_address>0x10eda</load_address>
         <run_address>0x10eda</run_address>
         <size>0x4a</size>
         <input_file_ref idref="fl-61"/>
      </object_component>
      <object_component id="oc-1f0">
         <name>.text:_pproc_str</name>
         <load_address>0x10f24</load_address>
         <run_address>0x10f24</run_address>
         <size>0x48</size>
         <input_file_ref idref="fl-63"/>
      </object_component>
      <object_component id="oc-310">
         <name>.text:HOSTunlink</name>
         <load_address>0x10f6c</load_address>
         <run_address>0x10f6c</run_address>
         <size>0x46</size>
         <input_file_ref idref="fl-6f"/>
      </object_component>
      <object_component id="oc-2dc">
         <name>.text:minit</name>
         <load_address>0x10fb2</load_address>
         <run_address>0x10fb2</run_address>
         <size>0x42</size>
         <input_file_ref idref="fl-7a"/>
      </object_component>
      <object_component id="oc-170">
         <name>.text:SetVCore</name>
         <load_address>0x10ff4</load_address>
         <run_address>0x10ff4</run_address>
         <size>0x40</size>
         <input_file_ref idref="fl-e"/>
      </object_component>
      <object_component id="oc-27c">
         <name>.text:_getarg_diouxp</name>
         <load_address>0x11034</load_address>
         <run_address>0x11034</run_address>
         <size>0x3e</size>
         <input_file_ref idref="fl-63"/>
      </object_component>
      <object_component id="oc-37d">
         <name>.text:l_lsl_const</name>
         <load_address>0x11072</load_address>
         <run_address>0x11072</run_address>
         <size>0x3e</size>
         <input_file_ref idref="fl-75"/>
      </object_component>
      <object_component id="oc-370">
         <name>.text:l_lsr_const</name>
         <load_address>0x110b0</load_address>
         <run_address>0x110b0</run_address>
         <size>0x3e</size>
         <input_file_ref idref="fl-76"/>
      </object_component>
      <object_component id="oc-28d">
         <name>.text:lseek</name>
         <load_address>0x110ee</load_address>
         <run_address>0x110ee</run_address>
         <size>0x3e</size>
         <input_file_ref idref="fl-68"/>
      </object_component>
      <object_component id="oc-225">
         <name>.text:write</name>
         <load_address>0x1112c</load_address>
         <run_address>0x1112c</run_address>
         <size>0x3c</size>
         <input_file_ref idref="fl-68"/>
      </object_component>
      <object_component id="oc-17c">
         <name>.text:Init_FLL_Settle</name>
         <load_address>0x11168</load_address>
         <run_address>0x11168</run_address>
         <size>0x36</size>
         <input_file_ref idref="fl-10"/>
      </object_component>
      <object_component id="oc-176">
         <name>.text:LFXT_Start</name>
         <load_address>0x1119e</load_address>
         <run_address>0x1119e</run_address>
         <size>0x36</size>
         <input_file_ref idref="fl-10"/>
      </object_component>
      <object_component id="oc-2a1">
         <name>.text:__TI_cleanup</name>
         <load_address>0x111d4</load_address>
         <run_address>0x111d4</run_address>
         <size>0x36</size>
         <input_file_ref idref="fl-79"/>
      </object_component>
      <object_component id="oc-344">
         <name>.text:__TI_writemsg</name>
         <load_address>0x1120a</load_address>
         <run_address>0x1120a</run_address>
         <size>0x36</size>
         <input_file_ref idref="fl-70"/>
      </object_component>
      <object_component id="oc-10f">
         <name>.text:SystemInit</name>
         <load_address>0x11240</load_address>
         <run_address>0x11240</run_address>
         <size>0x34</size>
         <input_file_ref idref="fl-2"/>
      </object_component>
      <object_component id="oc-34b">
         <name>.text:__TI_readmsg</name>
         <load_address>0x11274</load_address>
         <run_address>0x11274</run_address>
         <size>0x32</size>
         <input_file_ref idref="fl-70"/>
      </object_component>
      <object_component id="oc-3b3">
         <name>.text:strncpy</name>
         <load_address>0x112a6</load_address>
         <run_address>0x112a6</run_address>
         <size>0x32</size>
         <input_file_ref idref="fl-6e"/>
      </object_component>
      <object_component id="oc-115">
         <name>.text:AppUart_init</name>
         <load_address>0x112d8</load_address>
         <run_address>0x112d8</run_address>
         <size>0x30</size>
         <input_file_ref idref="fl-4"/>
      </object_component>
      <object_component id="oc-bb">
         <name>.text:main</name>
         <load_address>0x11308</load_address>
         <run_address>0x11308</run_address>
         <size>0x30</size>
         <input_file_ref idref="fl-2"/>
      </object_component>
      <object_component id="oc-333">
         <name>.text:unlink</name>
         <load_address>0x11338</load_address>
         <run_address>0x11338</run_address>
         <size>0x30</size>
         <input_file_ref idref="fl-68"/>
      </object_component>
      <object_component id="oc-c1">
         <name>.text:exit</name>
         <load_address>0x11368</load_address>
         <run_address>0x11368</run_address>
         <size>0x2e</size>
         <input_file_ref idref="fl-46"/>
      </object_component>
      <object_component id="oc-3b9">
         <name>.text:finddevice</name>
         <load_address>0x11396</load_address>
         <run_address>0x11396</run_address>
         <size>0x2e</size>
         <input_file_ref idref="fl-68"/>
      </object_component>
      <object_component id="oc-8b">
         <name>.text:decompress:ZI:__TI_zero_init</name>
         <load_address>0x113c4</load_address>
         <run_address>0x113c4</run_address>
         <size>0x24</size>
         <input_file_ref idref="fl-44"/>
      </object_component>
      <object_component id="oc-23e">
         <name>.text:memccpy</name>
         <load_address>0x113e8</load_address>
         <run_address>0x113e8</run_address>
         <size>0x20</size>
         <input_file_ref idref="fl-69"/>
      </object_component>
      <object_component id="oc-3ca">
         <name>.text:strcmp</name>
         <load_address>0x11408</load_address>
         <run_address>0x11408</run_address>
         <size>0x1c</size>
         <input_file_ref idref="fl-6c"/>
      </object_component>
      <object_component id="oc-2ca">
         <name>.text:_div</name>
         <load_address>0x11424</load_address>
         <run_address>0x11424</run_address>
         <size>0x1a</size>
         <input_file_ref idref="fl-63"/>
      </object_component>
      <object_component id="oc-3ad">
         <name>.text:strchr</name>
         <load_address>0x1143e</load_address>
         <run_address>0x1143e</run_address>
         <size>0x1a</size>
         <input_file_ref idref="fl-6b"/>
      </object_component>
      <object_component id="oc-219">
         <name>.text:memchr</name>
         <load_address>0x11458</load_address>
         <run_address>0x11458</run_address>
         <size>0x16</size>
         <input_file_ref idref="fl-6a"/>
      </object_component>
      <object_component id="oc-231">
         <name>.text:memset</name>
         <load_address>0x1146e</load_address>
         <run_address>0x1146e</run_address>
         <size>0x16</size>
         <input_file_ref idref="fl-5d"/>
      </object_component>
      <object_component id="oc-31e">
         <name>.text</name>
         <load_address>0x11484</load_address>
         <run_address>0x11484</run_address>
         <size>0x16</size>
         <input_file_ref idref="fl-45"/>
      </object_component>
      <object_component id="oc-265">
         <name>.text</name>
         <load_address>0x1149a</load_address>
         <run_address>0x1149a</run_address>
         <size>0x16</size>
         <input_file_ref idref="fl-5f"/>
      </object_component>
      <object_component id="oc-d4">
         <name>.text:memcpy</name>
         <load_address>0x114b0</load_address>
         <run_address>0x114b0</run_address>
         <size>0x14</size>
         <input_file_ref idref="fl-5c"/>
      </object_component>
      <object_component id="oc-85">
         <name>.text:decompress:none:__TI_decompress_none</name>
         <load_address>0x114c4</load_address>
         <run_address>0x114c4</run_address>
         <size>0x12</size>
         <input_file_ref idref="fl-42"/>
      </object_component>
      <object_component id="oc-38b">
         <name>.text:strcpy</name>
         <load_address>0x114d6</load_address>
         <run_address>0x114d6</run_address>
         <size>0x12</size>
         <input_file_ref idref="fl-78"/>
      </object_component>
      <object_component id="oc-104">
         <name>.text:Buttons_startWDT</name>
         <load_address>0x114e8</load_address>
         <run_address>0x114e8</run_address>
         <size>0x10</size>
         <input_file_ref idref="fl-6"/>
      </object_component>
      <object_component id="oc-1dd">
         <name>.text:fputc</name>
         <load_address>0x114f8</load_address>
         <run_address>0x114f8</run_address>
         <size>0x10</size>
         <input_file_ref idref="fl-3"/>
      </object_component>
      <object_component id="oc-1e4">
         <name>.text:strlen</name>
         <load_address>0x11508</load_address>
         <run_address>0x11508</run_address>
         <size>0xe</size>
         <input_file_ref idref="fl-6d"/>
      </object_component>
      <object_component id="oc-11b">
         <name>.text:AppUart_getChar</name>
         <load_address>0x11516</load_address>
         <run_address>0x11516</run_address>
         <size>0xc</size>
         <input_file_ref idref="fl-4"/>
      </object_component>
      <object_component id="oc-121">
         <name>.text:AppUart_putChar</name>
         <load_address>0x11522</load_address>
         <run_address>0x11522</run_address>
         <size>0xc</size>
         <input_file_ref idref="fl-4"/>
      </object_component>
      <object_component id="oc-9e">
         <name>.text:__TI_ISR_TRAP</name>
         <load_address>0x1152e</load_address>
         <run_address>0x1152e</run_address>
         <size>0x6</size>
         <input_file_ref idref="fl-59"/>
      </object_component>
      <object_component id="oc-194">
         <name>.text:_outc</name>
         <load_address>0x11534</load_address>
         <run_address>0x11534</run_address>
         <size>0x6</size>
         <input_file_ref idref="fl-61"/>
      </object_component>
      <object_component id="oc-91">
         <name>.text:decompress:rle24:__TI_decompress_rle24</name>
         <load_address>0x1153a</load_address>
         <run_address>0x1153a</run_address>
         <size>0x6</size>
         <input_file_ref idref="fl-43"/>
      </object_component>
      <object_component id="oc-18e">
         <name>.text:_outs</name>
         <load_address>0x11540</load_address>
         <run_address>0x11540</run_address>
         <size>0x4</size>
         <input_file_ref idref="fl-61"/>
      </object_component>
      <object_component id="oc-af">
         <name>.text:_system_pre_init</name>
         <load_address>0x11544</load_address>
         <run_address>0x11544</run_address>
         <size>0x4</size>
         <input_file_ref idref="fl-60"/>
      </object_component>
      <object_component id="oc-138">
         <name>.text:abort</name>
         <load_address>0x11548</load_address>
         <run_address>0x11548</run_address>
         <size>0x4</size>
         <input_file_ref idref="fl-46"/>
      </object_component>
      <object_component id="oc-1a2">
         <name>.text:_nop</name>
         <load_address>0x1154c</load_address>
         <run_address>0x1154c</run_address>
         <size>0x2</size>
         <input_file_ref idref="fl-62"/>
      </object_component>
      <object_component id="oc-a9">
         <name>.text:_isr:Port1_ISR</name>
         <load_address>0x4400</load_address>
         <run_address>0x4400</run_address>
         <size>0x3c</size>
         <input_file_ref idref="fl-6"/>
      </object_component>
      <object_component id="oc-a3">
         <name>.text:_isr:Port2_ISR</name>
         <load_address>0x443c</load_address>
         <run_address>0x443c</run_address>
         <size>0x3c</size>
         <input_file_ref idref="fl-6"/>
      </object_component>
      <object_component id="oc-72">
         <name>.text:_isr:_c_int00_noargs</name>
         <load_address>0x4478</load_address>
         <run_address>0x4478</run_address>
         <size>0x1c</size>
         <input_file_ref idref="fl-41"/>
      </object_component>
      <object_component id="oc-ce">
         <name>.text:_isr:WDT_ISR</name>
         <load_address>0x4494</load_address>
         <run_address>0x4494</run_address>
         <size>0x1a</size>
         <input_file_ref idref="fl-6"/>
      </object_component>
      <object_component id="oc-c8">
         <name>.text:_isr:ADC12_ISR</name>
         <load_address>0x44ae</load_address>
         <run_address>0x44ae</run_address>
         <size>0x16</size>
         <input_file_ref idref="fl-b"/>
      </object_component>
      <object_component id="oc-443">
         <name>.cinit..data.load</name>
         <load_address>0x44e8</load_address>
         <run_address>0x44e8</run_address>
         <size>0x5c</size>
      </object_component>
      <object_component id="oc-440">
         <name>__TI_handler_table</name>
         <load_address>0x4544</load_address>
         <run_address>0x4544</run_address>
         <size>0xc</size>
      </object_component>
      <object_component id="oc-442">
         <name>.cinit..bss.load</name>
         <load_address>0x4550</load_address>
         <run_address>0x4550</run_address>
         <size>0x6</size>
      </object_component>
      <object_component id="oc-444">
         <name>.cinit..cio.load</name>
         <load_address>0x4556</load_address>
         <run_address>0x4556</run_address>
         <size>0x6</size>
      </object_component>
      <object_component id="oc-441">
         <name>__TI_cinit_table</name>
         <load_address>0x455c</load_address>
         <run_address>0x455c</run_address>
         <size>0x18</size>
      </object_component>
      <object_component id="oc-237">
         <name>.const:.string</name>
         <load_address>0x44c4</load_address>
         <run_address>0x44c4</run_address>
         <size>0x14</size>
         <input_file_ref idref="fl-63"/>
      </object_component>
      <object_component id="oc-127">
         <name>.const:.string</name>
         <load_address>0x44d8</load_address>
         <run_address>0x44d8</run_address>
         <size>0x10</size>
         <input_file_ref idref="fl-2"/>
      </object_component>
      <object_component id="oc-3a3">
         <name>.cio</name>
         <uninitialized>true</uninitialized>
         <run_address>0x258c</run_address>
         <size>0x120</size>
         <input_file_ref idref="fl-70"/>
      </object_component>
      <object_component id="oc-69">
         <name>.int41</name>
         <load_address>0xffd2</load_address>
         <run_address>0xffd2</run_address>
         <size>0x2</size>
         <input_file_ref idref="fl-47"/>
      </object_component>
      <object_component id="oc-6a">
         <name>.int42</name>
         <load_address>0xffd4</load_address>
         <run_address>0xffd4</run_address>
         <size>0x2</size>
         <input_file_ref idref="fl-6"/>
      </object_component>
      <object_component id="oc-6b">
         <name>.int43</name>
         <load_address>0xffd6</load_address>
         <run_address>0xffd6</run_address>
         <size>0x2</size>
         <input_file_ref idref="fl-48"/>
      </object_component>
      <object_component id="oc-6c">
         <name>.int44</name>
         <load_address>0xffd8</load_address>
         <run_address>0xffd8</run_address>
         <size>0x2</size>
         <input_file_ref idref="fl-49"/>
      </object_component>
      <object_component id="oc-6d">
         <name>.int45</name>
         <load_address>0xffda</load_address>
         <run_address>0xffda</run_address>
         <size>0x2</size>
         <input_file_ref idref="fl-4a"/>
      </object_component>
      <object_component id="oc-6e">
         <name>.int46</name>
         <load_address>0xffdc</load_address>
         <run_address>0xffdc</run_address>
         <size>0x2</size>
         <input_file_ref idref="fl-4b"/>
      </object_component>
      <object_component id="oc-6f">
         <name>.int47</name>
         <load_address>0xffde</load_address>
         <run_address>0xffde</run_address>
         <size>0x2</size>
         <input_file_ref idref="fl-6"/>
      </object_component>
      <object_component id="oc-70">
         <name>.int48</name>
         <load_address>0xffe0</load_address>
         <run_address>0xffe0</run_address>
         <size>0x2</size>
         <input_file_ref idref="fl-4c"/>
      </object_component>
      <object_component id="oc-71">
         <name>.int49</name>
         <load_address>0xffe2</load_address>
         <run_address>0xffe2</run_address>
         <size>0x2</size>
         <input_file_ref idref="fl-4d"/>
      </object_component>
      <object_component id="oc-78">
         <name>.int50</name>
         <load_address>0xffe4</load_address>
         <run_address>0xffe4</run_address>
         <size>0x2</size>
         <input_file_ref idref="fl-4e"/>
      </object_component>
      <object_component id="oc-79">
         <name>.int51</name>
         <load_address>0xffe6</load_address>
         <run_address>0xffe6</run_address>
         <size>0x2</size>
         <input_file_ref idref="fl-4f"/>
      </object_component>
      <object_component id="oc-7a">
         <name>.int52</name>
         <load_address>0xffe8</load_address>
         <run_address>0xffe8</run_address>
         <size>0x2</size>
         <input_file_ref idref="fl-50"/>
      </object_component>
      <object_component id="oc-7b">
         <name>.int53</name>
         <load_address>0xffea</load_address>
         <run_address>0xffea</run_address>
         <size>0x2</size>
         <input_file_ref idref="fl-51"/>
      </object_component>
      <object_component id="oc-7c">
         <name>.int54</name>
         <load_address>0xffec</load_address>
         <run_address>0xffec</run_address>
         <size>0x2</size>
         <input_file_ref idref="fl-b"/>
      </object_component>
      <object_component id="oc-7d">
         <name>.int55</name>
         <load_address>0xffee</load_address>
         <run_address>0xffee</run_address>
         <size>0x2</size>
         <input_file_ref idref="fl-52"/>
      </object_component>
      <object_component id="oc-7e">
         <name>.int56</name>
         <load_address>0xfff0</load_address>
         <run_address>0xfff0</run_address>
         <size>0x2</size>
         <input_file_ref idref="fl-53"/>
      </object_component>
      <object_component id="oc-7f">
         <name>.int57</name>
         <load_address>0xfff2</load_address>
         <run_address>0xfff2</run_address>
         <size>0x2</size>
         <input_file_ref idref="fl-6"/>
      </object_component>
      <object_component id="oc-80">
         <name>.int58</name>
         <load_address>0xfff4</load_address>
         <run_address>0xfff4</run_address>
         <size>0x2</size>
         <input_file_ref idref="fl-54"/>
      </object_component>
      <object_component id="oc-81">
         <name>.int59</name>
         <load_address>0xfff6</load_address>
         <run_address>0xfff6</run_address>
         <size>0x2</size>
         <input_file_ref idref="fl-55"/>
      </object_component>
      <object_component id="oc-82">
         <name>.int60</name>
         <load_address>0xfff8</load_address>
         <run_address>0xfff8</run_address>
         <size>0x2</size>
         <input_file_ref idref="fl-56"/>
      </object_component>
      <object_component id="oc-83">
         <name>.int61</name>
         <load_address>0xfffa</load_address>
         <run_address>0xfffa</run_address>
         <size>0x2</size>
         <input_file_ref idref="fl-57"/>
      </object_component>
      <object_component id="oc-84">
         <name>.int62</name>
         <load_address>0xfffc</load_address>
         <run_address>0xfffc</run_address>
         <size>0x2</size>
         <input_file_ref idref="fl-58"/>
      </object_component>
      <object_component id="oc-9a">
         <name>.reset</name>
         <load_address>0xfffe</load_address>
         <run_address>0xfffe</run_address>
         <size>0x2</size>
         <input_file_ref idref="fl-41"/>
      </object_component>
      <object_component id="oc-140">
         <name>.common:positionData</name>
         <uninitialized>true</uninitialized>
         <run_address>0x2766</run_address>
         <size>0x2</size>
      </object_component>
      <object_component id="oc-2a7">
         <name>.common:__TI_cleanup_ptr</name>
         <uninitialized>true</uninitialized>
         <run_address>0x2754</run_address>
         <size>0x4</size>
      </object_component>
      <object_component id="oc-135">
         <name>.common:__TI_dtors_ptr</name>
         <uninitialized>true</uninitialized>
         <run_address>0x2758</run_address>
         <size>0x4</size>
      </object_component>
      <object_component id="oc-332">
         <name>.common:__TI_tmpnams</name>
         <uninitialized>true</uninitialized>
         <run_address>0x26ac</run_address>
         <size>0xa0</size>
      </object_component>
      <object_component id="oc-394">
         <name>.common:parmbuf</name>
         <uninitialized>true</uninitialized>
         <run_address>0x274c</run_address>
         <size>0x8</size>
      </object_component>
      <object_component id="oc-327">
         <name>.common:sys_free</name>
         <uninitialized>true</uninitialized>
         <run_address>0x2760</run_address>
         <size>0x4</size>
      </object_component>
      <object_component id="oc-32a">
         <name>.common:sys_base</name>
         <uninitialized>true</uninitialized>
         <run_address>0x275c</run_address>
         <size>0x4</size>
      </object_component>
      <object_component id="oc-329">
         <name>.common:memsize</name>
         <uninitialized>true</uninitialized>
         <run_address>0x2764</run_address>
         <size>0x2</size>
      </object_component>
      <object_component id="oc-101">
         <name>.data</name>
         <load_address>0x2584</load_address>
         <run_address>0x2584</run_address>
         <size>0x4</size>
         <input_file_ref idref="fl-6"/>
      </object_component>
      <object_component id="oc-12f">
         <name>.data</name>
         <load_address>0x257c</load_address>
         <run_address>0x257c</run_address>
         <size>0x8</size>
         <input_file_ref idref="fl-62"/>
      </object_component>
      <object_component id="oc-18b">
         <name>.data:_ftable</name>
         <load_address>0x2400</load_address>
         <run_address>0x2400</run_address>
         <size>0xc8</size>
         <input_file_ref idref="fl-66"/>
      </object_component>
      <object_component id="oc-26a">
         <name>.data:_stream</name>
         <load_address>0x2540</load_address>
         <run_address>0x2540</run_address>
         <size>0x3c</size>
         <input_file_ref idref="fl-68"/>
      </object_component>
      <object_component id="oc-2b6">
         <name>.data:_device</name>
         <load_address>0x24c8</load_address>
         <run_address>0x24c8</run_address>
         <size>0x78</size>
         <input_file_ref idref="fl-68"/>
      </object_component>
      <object_component id="oc-2d9">
         <name>.data</name>
         <load_address>0x258a</load_address>
         <run_address>0x258a</run_address>
         <size>0x2</size>
         <input_file_ref idref="fl-7a"/>
      </object_component>
      <object_component id="oc-2ec">
         <name>.data</name>
         <load_address>0x2588</load_address>
         <run_address>0x2588</run_address>
         <size>0x2</size>
         <input_file_ref idref="fl-66"/>
      </object_component>
      <object_component id="oc-73">
         <name>.debug_info</name>
         <load_address>0x0</load_address>
         <run_address>0x0</run_address>
         <size>0x124</size>
         <input_file_ref idref="fl-41"/>
      </object_component>
      <object_component id="oc-86">
         <name>.debug_info</name>
         <load_address>0x124</load_address>
         <run_address>0x124</run_address>
         <size>0x194</size>
         <input_file_ref idref="fl-42"/>
      </object_component>
      <object_component id="oc-8e">
         <name>.debug_info</name>
         <load_address>0x2b8</load_address>
         <run_address>0x2b8</run_address>
         <size>0x16f</size>
         <input_file_ref idref="fl-44"/>
      </object_component>
      <object_component id="oc-92">
         <name>.debug_info</name>
         <load_address>0x427</load_address>
         <run_address>0x427</run_address>
         <size>0x18e</size>
         <input_file_ref idref="fl-43"/>
      </object_component>
      <object_component id="oc-98">
         <name>.debug_info</name>
         <load_address>0x5b5</load_address>
         <run_address>0x5b5</run_address>
         <size>0xaa</size>
         <input_file_ref idref="fl-41"/>
      </object_component>
      <object_component id="oc-9c">
         <name>.debug_info</name>
         <load_address>0x65f</load_address>
         <run_address>0x65f</run_address>
         <size>0xb6</size>
         <input_file_ref idref="fl-7a"/>
      </object_component>
      <object_component id="oc-a1">
         <name>.debug_info</name>
         <load_address>0x715</load_address>
         <run_address>0x715</run_address>
         <size>0xc2</size>
         <input_file_ref idref="fl-59"/>
      </object_component>
      <object_component id="oc-a4">
         <name>.debug_info</name>
         <load_address>0x7d7</load_address>
         <run_address>0x7d7</run_address>
         <size>0x153</size>
         <input_file_ref idref="fl-6"/>
      </object_component>
      <object_component id="oc-aa">
         <name>.debug_info</name>
         <load_address>0x92a</load_address>
         <run_address>0x92a</run_address>
         <size>0x154</size>
         <input_file_ref idref="fl-6"/>
      </object_component>
      <object_component id="oc-b2">
         <name>.debug_info</name>
         <load_address>0xa7e</load_address>
         <run_address>0xa7e</run_address>
         <size>0xfd</size>
         <input_file_ref idref="fl-60"/>
      </object_component>
      <object_component id="oc-b8">
         <name>.debug_info</name>
         <load_address>0xb7b</load_address>
         <run_address>0xb7b</run_address>
         <size>0x1a0</size>
         <input_file_ref idref="fl-65"/>
      </object_component>
      <object_component id="oc-bc">
         <name>.debug_info</name>
         <load_address>0xd1b</load_address>
         <run_address>0xd1b</run_address>
         <size>0x146</size>
         <input_file_ref idref="fl-2"/>
      </object_component>
      <object_component id="oc-c3">
         <name>.debug_info</name>
         <load_address>0xe61</load_address>
         <run_address>0xe61</run_address>
         <size>0x127</size>
         <input_file_ref idref="fl-46"/>
      </object_component>
      <object_component id="oc-ca">
         <name>.debug_info</name>
         <load_address>0xf88</load_address>
         <run_address>0xf88</run_address>
         <size>0x136</size>
         <input_file_ref idref="fl-b"/>
      </object_component>
      <object_component id="oc-cf">
         <name>.debug_info</name>
         <load_address>0x10be</load_address>
         <run_address>0x10be</run_address>
         <size>0x138</size>
         <input_file_ref idref="fl-6"/>
      </object_component>
      <object_component id="oc-d8">
         <name>.debug_info</name>
         <load_address>0x11f6</load_address>
         <run_address>0x11f6</run_address>
         <size>0x157</size>
         <input_file_ref idref="fl-5c"/>
      </object_component>
      <object_component id="oc-db">
         <name>.debug_info</name>
         <load_address>0x134d</load_address>
         <run_address>0x134d</run_address>
         <size>0x46</size>
         <input_file_ref idref="fl-42"/>
      </object_component>
      <object_component id="oc-e0">
         <name>.debug_info</name>
         <load_address>0x1393</load_address>
         <run_address>0x1393</run_address>
         <size>0x17b</size>
         <input_file_ref idref="fl-42"/>
      </object_component>
      <object_component id="oc-e2">
         <name>.debug_info</name>
         <load_address>0x150e</load_address>
         <run_address>0x150e</run_address>
         <size>0x46</size>
         <input_file_ref idref="fl-44"/>
      </object_component>
      <object_component id="oc-e7">
         <name>.debug_info</name>
         <load_address>0x1554</load_address>
         <run_address>0x1554</run_address>
         <size>0x129</size>
         <input_file_ref idref="fl-44"/>
      </object_component>
      <object_component id="oc-e9">
         <name>.debug_info</name>
         <load_address>0x167d</load_address>
         <run_address>0x167d</run_address>
         <size>0x1ef</size>
         <input_file_ref idref="fl-43"/>
      </object_component>
      <object_component id="oc-ef">
         <name>.debug_info</name>
         <load_address>0x186c</load_address>
         <run_address>0x186c</run_address>
         <size>0x138</size>
         <input_file_ref idref="fl-43"/>
      </object_component>
      <object_component id="oc-f0">
         <name>.debug_info</name>
         <load_address>0x19a4</load_address>
         <run_address>0x19a4</run_address>
         <size>0x39</size>
         <input_file_ref idref="fl-43"/>
      </object_component>
      <object_component id="oc-f7">
         <name>.debug_info</name>
         <load_address>0x19dd</load_address>
         <run_address>0x19dd</run_address>
         <size>0x84</size>
         <input_file_ref idref="fl-2"/>
      </object_component>
      <object_component id="oc-fe">
         <name>.debug_info</name>
         <load_address>0x1a61</load_address>
         <run_address>0x1a61</run_address>
         <size>0x275</size>
         <input_file_ref idref="fl-7a"/>
      </object_component>
      <object_component id="oc-102">
         <name>.debug_info</name>
         <load_address>0x1cd6</load_address>
         <run_address>0x1cd6</run_address>
         <size>0x112</size>
         <input_file_ref idref="fl-6"/>
      </object_component>
      <object_component id="oc-106">
         <name>.debug_info</name>
         <load_address>0x1de8</load_address>
         <run_address>0x1de8</run_address>
         <size>0x149</size>
         <input_file_ref idref="fl-6"/>
      </object_component>
      <object_component id="oc-10e">
         <name>.debug_info</name>
         <load_address>0x1f31</load_address>
         <run_address>0x1f31</run_address>
         <size>0x2d8</size>
         <input_file_ref idref="fl-65"/>
      </object_component>
      <object_component id="oc-110">
         <name>.debug_info</name>
         <load_address>0x2209</load_address>
         <run_address>0x2209</run_address>
         <size>0x133</size>
         <input_file_ref idref="fl-2"/>
      </object_component>
      <object_component id="oc-116">
         <name>.debug_info</name>
         <load_address>0x233c</load_address>
         <run_address>0x233c</run_address>
         <size>0x141</size>
         <input_file_ref idref="fl-4"/>
      </object_component>
      <object_component id="oc-11d">
         <name>.debug_info</name>
         <load_address>0x247d</load_address>
         <run_address>0x247d</run_address>
         <size>0x16a</size>
         <input_file_ref idref="fl-4"/>
      </object_component>
      <object_component id="oc-122">
         <name>.debug_info</name>
         <load_address>0x25e7</load_address>
         <run_address>0x25e7</run_address>
         <size>0x189</size>
         <input_file_ref idref="fl-4"/>
      </object_component>
      <object_component id="oc-12a">
         <name>.debug_info</name>
         <load_address>0x2770</load_address>
         <run_address>0x2770</run_address>
         <size>0x12e</size>
         <input_file_ref idref="fl-61"/>
      </object_component>
      <object_component id="oc-130">
         <name>.debug_info</name>
         <load_address>0x289e</load_address>
         <run_address>0x289e</run_address>
         <size>0xc8</size>
         <input_file_ref idref="fl-62"/>
      </object_component>
      <object_component id="oc-133">
         <name>.debug_info</name>
         <load_address>0x2966</load_address>
         <run_address>0x2966</run_address>
         <size>0x245</size>
         <input_file_ref idref="fl-41"/>
      </object_component>
      <object_component id="oc-139">
         <name>.debug_info</name>
         <load_address>0x2bab</load_address>
         <run_address>0x2bab</run_address>
         <size>0xcc</size>
         <input_file_ref idref="fl-46"/>
      </object_component>
      <object_component id="oc-13f">
         <name>.debug_info</name>
         <load_address>0x2c77</load_address>
         <run_address>0x2c77</run_address>
         <size>0x1af</size>
         <input_file_ref idref="fl-46"/>
      </object_component>
      <object_component id="oc-141">
         <name>.debug_info</name>
         <load_address>0x2e26</load_address>
         <run_address>0x2e26</run_address>
         <size>0x351</size>
         <input_file_ref idref="fl-b"/>
      </object_component>
      <object_component id="oc-146">
         <name>.debug_info</name>
         <load_address>0x3177</load_address>
         <run_address>0x3177</run_address>
         <size>0x13b</size>
         <input_file_ref idref="fl-5c"/>
      </object_component>
      <object_component id="oc-147">
         <name>.debug_info</name>
         <load_address>0x32b2</load_address>
         <run_address>0x32b2</run_address>
         <size>0x2c</size>
         <input_file_ref idref="fl-5c"/>
      </object_component>
      <object_component id="oc-14e">
         <name>.debug_info</name>
         <load_address>0x32de</load_address>
         <run_address>0x32de</run_address>
         <size>0x2c</size>
         <input_file_ref idref="fl-42"/>
      </object_component>
      <object_component id="oc-15a">
         <name>.debug_info</name>
         <load_address>0x330a</load_address>
         <run_address>0x330a</run_address>
         <size>0x6f</size>
         <input_file_ref idref="fl-7a"/>
      </object_component>
      <object_component id="oc-161">
         <name>.debug_info</name>
         <load_address>0x3379</load_address>
         <run_address>0x3379</run_address>
         <size>0x2d0</size>
         <input_file_ref idref="fl-6"/>
      </object_component>
      <object_component id="oc-165">
         <name>.debug_info</name>
         <load_address>0x3649</load_address>
         <run_address>0x3649</run_address>
         <size>0x39</size>
         <input_file_ref idref="fl-65"/>
      </object_component>
      <object_component id="oc-16b">
         <name>.debug_info</name>
         <load_address>0x3682</load_address>
         <run_address>0x3682</run_address>
         <size>0x137</size>
         <input_file_ref idref="fl-5"/>
      </object_component>
      <object_component id="oc-171">
         <name>.debug_info</name>
         <load_address>0x37b9</load_address>
         <run_address>0x37b9</run_address>
         <size>0x1a7</size>
         <input_file_ref idref="fl-e"/>
      </object_component>
      <object_component id="oc-178">
         <name>.debug_info</name>
         <load_address>0x3960</load_address>
         <run_address>0x3960</run_address>
         <size>0x145</size>
         <input_file_ref idref="fl-10"/>
      </object_component>
      <object_component id="oc-17d">
         <name>.debug_info</name>
         <load_address>0x3aa5</load_address>
         <run_address>0x3aa5</run_address>
         <size>0x190</size>
         <input_file_ref idref="fl-10"/>
      </object_component>
      <object_component id="oc-185">
         <name>.debug_info</name>
         <load_address>0x3c35</load_address>
         <run_address>0x3c35</run_address>
         <size>0x18b</size>
         <input_file_ref idref="fl-2"/>
      </object_component>
      <object_component id="oc-18c">
         <name>.debug_info</name>
         <load_address>0x3dc0</load_address>
         <run_address>0x3dc0</run_address>
         <size>0xac</size>
         <input_file_ref idref="fl-66"/>
      </object_component>
      <object_component id="oc-191">
         <name>.debug_info</name>
         <load_address>0x3e6c</load_address>
         <run_address>0x3e6c</run_address>
         <size>0x12a</size>
         <input_file_ref idref="fl-61"/>
      </object_component>
      <object_component id="oc-195">
         <name>.debug_info</name>
         <load_address>0x3f96</load_address>
         <run_address>0x3f96</run_address>
         <size>0x11b</size>
         <input_file_ref idref="fl-61"/>
      </object_component>
      <object_component id="oc-19b">
         <name>.debug_info</name>
         <load_address>0x40b1</load_address>
         <run_address>0x40b1</run_address>
         <size>0x25d</size>
         <input_file_ref idref="fl-63"/>
      </object_component>
      <object_component id="oc-1a1">
         <name>.debug_info</name>
         <load_address>0x430e</load_address>
         <run_address>0x430e</run_address>
         <size>0x26a</size>
         <input_file_ref idref="fl-61"/>
      </object_component>
      <object_component id="oc-1a6">
         <name>.debug_info</name>
         <load_address>0x4578</load_address>
         <run_address>0x4578</run_address>
         <size>0xd8</size>
         <input_file_ref idref="fl-62"/>
      </object_component>
      <object_component id="oc-1aa">
         <name>.debug_info</name>
         <load_address>0x4650</load_address>
         <run_address>0x4650</run_address>
         <size>0x112</size>
         <input_file_ref idref="fl-62"/>
      </object_component>
      <object_component id="oc-1b4">
         <name>.debug_info</name>
         <load_address>0x4762</load_address>
         <run_address>0x4762</run_address>
         <size>0x2c</size>
         <input_file_ref idref="fl-7a"/>
      </object_component>
      <object_component id="oc-1bd">
         <name>.debug_info</name>
         <load_address>0x478e</load_address>
         <run_address>0x478e</run_address>
         <size>0x1c8</size>
         <input_file_ref idref="fl-e"/>
      </object_component>
      <object_component id="oc-1c4">
         <name>.debug_info</name>
         <load_address>0x4956</load_address>
         <run_address>0x4956</run_address>
         <size>0x1cc</size>
         <input_file_ref idref="fl-e"/>
      </object_component>
      <object_component id="oc-1cb">
         <name>.debug_info</name>
         <load_address>0x4b22</load_address>
         <run_address>0x4b22</run_address>
         <size>0x1d0</size>
         <input_file_ref idref="fl-10"/>
      </object_component>
      <object_component id="oc-1d1">
         <name>.debug_info</name>
         <load_address>0x4cf2</load_address>
         <run_address>0x4cf2</run_address>
         <size>0x2ed</size>
         <input_file_ref idref="fl-10"/>
      </object_component>
      <object_component id="oc-1d4">
         <name>.debug_info</name>
         <load_address>0x4fdf</load_address>
         <run_address>0x4fdf</run_address>
         <size>0xe8</size>
         <input_file_ref idref="fl-66"/>
      </object_component>
      <object_component id="oc-1d7">
         <name>.debug_info</name>
         <load_address>0x50c7</load_address>
         <run_address>0x50c7</run_address>
         <size>0x271</size>
         <input_file_ref idref="fl-67"/>
      </object_component>
      <object_component id="oc-1e1">
         <name>.debug_info</name>
         <load_address>0x5338</load_address>
         <run_address>0x5338</run_address>
         <size>0x127</size>
         <input_file_ref idref="fl-3"/>
      </object_component>
      <object_component id="oc-1e6">
         <name>.debug_info</name>
         <load_address>0x545f</load_address>
         <run_address>0x545f</run_address>
         <size>0x153</size>
         <input_file_ref idref="fl-6d"/>
      </object_component>
      <object_component id="oc-1ec">
         <name>.debug_info</name>
         <load_address>0x55b2</load_address>
         <run_address>0x55b2</run_address>
         <size>0x239</size>
         <input_file_ref idref="fl-63"/>
      </object_component>
      <object_component id="oc-1f2">
         <name>.debug_info</name>
         <load_address>0x57eb</load_address>
         <run_address>0x57eb</run_address>
         <size>0x1d6</size>
         <input_file_ref idref="fl-63"/>
      </object_component>
      <object_component id="oc-1f7">
         <name>.debug_info</name>
         <load_address>0x59c1</load_address>
         <run_address>0x59c1</run_address>
         <size>0x34d</size>
         <input_file_ref idref="fl-63"/>
      </object_component>
      <object_component id="oc-1f8">
         <name>.debug_info</name>
         <load_address>0x5d0e</load_address>
         <run_address>0x5d0e</run_address>
         <size>0x2c</size>
         <input_file_ref idref="fl-2"/>
      </object_component>
      <object_component id="oc-1fd">
         <name>.debug_info</name>
         <load_address>0x5d3a</load_address>
         <run_address>0x5d3a</run_address>
         <size>0x86</size>
         <input_file_ref idref="fl-63"/>
      </object_component>
      <object_component id="oc-204">
         <name>.debug_info</name>
         <load_address>0x5dc0</load_address>
         <run_address>0x5dc0</run_address>
         <size>0xae</size>
         <input_file_ref idref="fl-61"/>
      </object_component>
      <object_component id="oc-216">
         <name>.debug_info</name>
         <load_address>0x5e6e</load_address>
         <run_address>0x5e6e</run_address>
         <size>0x140</size>
         <input_file_ref idref="fl-71"/>
      </object_component>
      <object_component id="oc-21b">
         <name>.debug_info</name>
         <load_address>0x5fae</load_address>
         <run_address>0x5fae</run_address>
         <size>0x16b</size>
         <input_file_ref idref="fl-6a"/>
      </object_component>
      <object_component id="oc-220">
         <name>.debug_info</name>
         <load_address>0x6119</load_address>
         <run_address>0x6119</run_address>
         <size>0x12e</size>
         <input_file_ref idref="fl-73"/>
      </object_component>
      <object_component id="oc-226">
         <name>.debug_info</name>
         <load_address>0x6247</load_address>
         <run_address>0x6247</run_address>
         <size>0x186</size>
         <input_file_ref idref="fl-68"/>
      </object_component>
      <object_component id="oc-22c">
         <name>.debug_info</name>
         <load_address>0x63cd</load_address>
         <run_address>0x63cd</run_address>
         <size>0x2dd</size>
         <input_file_ref idref="fl-67"/>
      </object_component>
      <object_component id="oc-22e">
         <name>.debug_info</name>
         <load_address>0x66aa</load_address>
         <run_address>0x66aa</run_address>
         <size>0x17d</size>
         <input_file_ref idref="fl-3"/>
      </object_component>
      <object_component id="oc-230">
         <name>.debug_info</name>
         <load_address>0x6827</load_address>
         <run_address>0x6827</run_address>
         <size>0x11b</size>
         <input_file_ref idref="fl-6d"/>
      </object_component>
      <object_component id="oc-232">
         <name>.debug_info</name>
         <load_address>0x6942</load_address>
         <run_address>0x6942</run_address>
         <size>0x183</size>
         <input_file_ref idref="fl-5d"/>
      </object_component>
      <object_component id="oc-239">
         <name>.debug_info</name>
         <load_address>0x6ac5</load_address>
         <run_address>0x6ac5</run_address>
         <size>0x1e4</size>
         <input_file_ref idref="fl-63"/>
      </object_component>
      <object_component id="oc-240">
         <name>.debug_info</name>
         <load_address>0x6ca9</load_address>
         <run_address>0x6ca9</run_address>
         <size>0x160</size>
         <input_file_ref idref="fl-69"/>
      </object_component>
      <object_component id="oc-248">
         <name>.debug_info</name>
         <load_address>0x6e09</load_address>
         <run_address>0x6e09</run_address>
         <size>0x2c</size>
         <input_file_ref idref="fl-63"/>
      </object_component>
      <object_component id="oc-24d">
         <name>.debug_info</name>
         <load_address>0x6e35</load_address>
         <run_address>0x6e35</run_address>
         <size>0x39</size>
         <input_file_ref idref="fl-63"/>
      </object_component>
      <object_component id="oc-252">
         <name>.debug_info</name>
         <load_address>0x6e6e</load_address>
         <run_address>0x6e6e</run_address>
         <size>0x2ed</size>
         <input_file_ref idref="fl-2"/>
      </object_component>
      <object_component id="oc-255">
         <name>.debug_info</name>
         <load_address>0x715b</load_address>
         <run_address>0x715b</run_address>
         <size>0x193</size>
         <input_file_ref idref="fl-74"/>
      </object_component>
      <object_component id="oc-25d">
         <name>.debug_info</name>
         <load_address>0x72ee</load_address>
         <run_address>0x72ee</run_address>
         <size>0x1a8</size>
         <input_file_ref idref="fl-77"/>
      </object_component>
      <object_component id="oc-260">
         <name>.debug_info</name>
         <load_address>0x7496</load_address>
         <run_address>0x7496</run_address>
         <size>0x17c</size>
         <input_file_ref idref="fl-71"/>
      </object_component>
      <object_component id="oc-262">
         <name>.debug_info</name>
         <load_address>0x7612</load_address>
         <run_address>0x7612</run_address>
         <size>0x13b</size>
         <input_file_ref idref="fl-6a"/>
      </object_component>
      <object_component id="oc-264">
         <name>.debug_info</name>
         <load_address>0x774d</load_address>
         <run_address>0x774d</run_address>
         <size>0x1d3</size>
         <input_file_ref idref="fl-73"/>
      </object_component>
      <object_component id="oc-266">
         <name>.debug_info</name>
         <load_address>0x7920</load_address>
         <run_address>0x7920</run_address>
         <size>0xe3</size>
         <input_file_ref idref="fl-5f"/>
      </object_component>
      <object_component id="oc-26b">
         <name>.debug_info</name>
         <load_address>0x7a03</load_address>
         <run_address>0x7a03</run_address>
         <size>0xad</size>
         <input_file_ref idref="fl-68"/>
      </object_component>
      <object_component id="oc-26e">
         <name>.debug_info</name>
         <load_address>0x7ab0</load_address>
         <run_address>0x7ab0</run_address>
         <size>0x495</size>
         <input_file_ref idref="fl-68"/>
      </object_component>
      <object_component id="oc-273">
         <name>.debug_info</name>
         <load_address>0x7f45</load_address>
         <run_address>0x7f45</run_address>
         <size>0xc8</size>
         <input_file_ref idref="fl-2"/>
      </object_component>
      <object_component id="oc-27b">
         <name>.debug_info</name>
         <load_address>0x800d</load_address>
         <run_address>0x800d</run_address>
         <size>0x121</size>
         <input_file_ref idref="fl-5d"/>
      </object_component>
      <object_component id="oc-27e">
         <name>.debug_info</name>
         <load_address>0x812e</load_address>
         <run_address>0x812e</run_address>
         <size>0x162</size>
         <input_file_ref idref="fl-63"/>
      </object_component>
      <object_component id="oc-284">
         <name>.debug_info</name>
         <load_address>0x8290</load_address>
         <run_address>0x8290</run_address>
         <size>0x1a1</size>
         <input_file_ref idref="fl-63"/>
      </object_component>
      <object_component id="oc-28a">
         <name>.debug_info</name>
         <load_address>0x8431</load_address>
         <run_address>0x8431</run_address>
         <size>0x122</size>
         <input_file_ref idref="fl-69"/>
      </object_component>
      <object_component id="oc-28e">
         <name>.debug_info</name>
         <load_address>0x8553</load_address>
         <run_address>0x8553</run_address>
         <size>0x1a1</size>
         <input_file_ref idref="fl-68"/>
      </object_component>
      <object_component id="oc-294">
         <name>.debug_info</name>
         <load_address>0x86f4</load_address>
         <run_address>0x86f4</run_address>
         <size>0x1b0</size>
         <input_file_ref idref="fl-74"/>
      </object_component>
      <object_component id="oc-296">
         <name>.debug_info</name>
         <load_address>0x88a4</load_address>
         <run_address>0x88a4</run_address>
         <size>0x155</size>
         <input_file_ref idref="fl-7a"/>
      </object_component>
      <object_component id="oc-29c">
         <name>.debug_info</name>
         <load_address>0x89f9</load_address>
         <run_address>0x89f9</run_address>
         <size>0x17d</size>
         <input_file_ref idref="fl-7a"/>
      </object_component>
      <object_component id="oc-2a2">
         <name>.debug_info</name>
         <load_address>0x8b76</load_address>
         <run_address>0x8b76</run_address>
         <size>0x120</size>
         <input_file_ref idref="fl-79"/>
      </object_component>
      <object_component id="oc-2a9">
         <name>.debug_info</name>
         <load_address>0x8c96</load_address>
         <run_address>0x8c96</run_address>
         <size>0x1ec</size>
         <input_file_ref idref="fl-77"/>
      </object_component>
      <object_component id="oc-2aa">
         <name>.debug_info</name>
         <load_address>0x8e82</load_address>
         <run_address>0x8e82</run_address>
         <size>0xbb</size>
         <input_file_ref idref="fl-71"/>
      </object_component>
      <object_component id="oc-2b7">
         <name>.debug_info</name>
         <load_address>0x8f3d</load_address>
         <run_address>0x8f3d</run_address>
         <size>0xad</size>
         <input_file_ref idref="fl-68"/>
      </object_component>
      <object_component id="oc-2bd">
         <name>.debug_info</name>
         <load_address>0x8fea</load_address>
         <run_address>0x8fea</run_address>
         <size>0x120</size>
         <input_file_ref idref="fl-68"/>
      </object_component>
      <object_component id="oc-2c2">
         <name>.debug_info</name>
         <load_address>0x910a</load_address>
         <run_address>0x910a</run_address>
         <size>0x2c</size>
         <input_file_ref idref="fl-68"/>
      </object_component>
      <object_component id="oc-2cc">
         <name>.debug_info</name>
         <load_address>0x9136</load_address>
         <run_address>0x9136</run_address>
         <size>0x14c</size>
         <input_file_ref idref="fl-63"/>
      </object_component>
      <object_component id="oc-2da">
         <name>.debug_info</name>
         <load_address>0x9282</load_address>
         <run_address>0x9282</run_address>
         <size>0xb3</size>
         <input_file_ref idref="fl-7a"/>
      </object_component>
      <object_component id="oc-2dd">
         <name>.debug_info</name>
         <load_address>0x9335</load_address>
         <run_address>0x9335</run_address>
         <size>0xe5</size>
         <input_file_ref idref="fl-7a"/>
      </object_component>
      <object_component id="oc-2ea">
         <name>.debug_info</name>
         <load_address>0x941a</load_address>
         <run_address>0x941a</run_address>
         <size>0x197</size>
         <input_file_ref idref="fl-7b"/>
      </object_component>
      <object_component id="oc-2ed">
         <name>.debug_info</name>
         <load_address>0x95b1</load_address>
         <run_address>0x95b1</run_address>
         <size>0xb4</size>
         <input_file_ref idref="fl-66"/>
      </object_component>
      <object_component id="oc-2f3">
         <name>.debug_info</name>
         <load_address>0x9665</load_address>
         <run_address>0x9665</run_address>
         <size>0x1b0</size>
         <input_file_ref idref="fl-6f"/>
      </object_component>
      <object_component id="oc-2f9">
         <name>.debug_info</name>
         <load_address>0x9815</load_address>
         <run_address>0x9815</run_address>
         <size>0x15d</size>
         <input_file_ref idref="fl-6f"/>
      </object_component>
      <object_component id="oc-2ff">
         <name>.debug_info</name>
         <load_address>0x9972</load_address>
         <run_address>0x9972</run_address>
         <size>0x19f</size>
         <input_file_ref idref="fl-6f"/>
      </object_component>
      <object_component id="oc-305">
         <name>.debug_info</name>
         <load_address>0x9b11</load_address>
         <run_address>0x9b11</run_address>
         <size>0x1a1</size>
         <input_file_ref idref="fl-6f"/>
      </object_component>
      <object_component id="oc-30b">
         <name>.debug_info</name>
         <load_address>0x9cb2</load_address>
         <run_address>0x9cb2</run_address>
         <size>0x1ec</size>
         <input_file_ref idref="fl-6f"/>
      </object_component>
      <object_component id="oc-311">
         <name>.debug_info</name>
         <load_address>0x9e9e</load_address>
         <run_address>0x9e9e</run_address>
         <size>0x165</size>
         <input_file_ref idref="fl-6f"/>
      </object_component>
      <object_component id="oc-317">
         <name>.debug_info</name>
         <load_address>0xa003</load_address>
[...]
      </symbol>
      <symbol id="sm-3d5">
         <name>buttonDebounce</name>
         <value>0x2584</value>
         <object_component_ref idref="oc-101"/>
      </symbol>
      <symbol id="sm-3d6">
         <name>WDT_ISR</name>
         <value>0x4494</value>
         <object_component_ref idref="oc-ce"/>
      </symbol>
      <symbol id="sm-3d7">
         <name>Port1_ISR</name>
         <value>0x4400</value>
         <object_component_ref idref="oc-a9"/>
      </symbol>
      <symbol id="sm-3d8">
         <name>__TI_int47</name>
         <value>0xffde</value>
         <object_component_ref idref="oc-6f"/>
      </symbol>
      <symbol id="sm-3d9">
         <name>__TI_int42</name>
         <value>0xffd4</value>
         <object_component_ref idref="oc-6a"/>
      </symbol>
      <symbol id="sm-3da">
         <name>__TI_int57</name>
         <value>0xfff2</value>
         <object_component_ref idref="oc-7f"/>
      </symbol>
      <symbol id="sm-3db">
         <name>buttonsPressed</name>
         <value>0x2586</value>
         <object_component_ref idref="oc-101"/>
      </symbol>
      <symbol id="sm-3dc">
         <name>Port2_ISR</name>
         <value>0x443c</value>
         <object_component_ref idref="oc-a3"/>
      </symbol>
      <symbol id="sm-3dd">
         <name>Buttons_startWDT</name>
         <value>0x114e8</value>
         <object_component_ref idref="oc-104"/>
      </symbol>
      <symbol id="sm-3f0">
         <name>positionData</name>
         <value>0x2766</value>
      </symbol>
      <symbol id="sm-3f1">
         <name>__TI_int54</name>
         <value>0xffec</value>
         <object_component_ref idref="oc-7c"/>
      </symbol>
      <symbol id="sm-3f2">
         <name>ADC12_ISR</name>
         <value>0x44ae</value>
         <object_component_ref idref="oc-c8"/>
      </symbol>
      <symbol id="sm-41c">
         <name>SetVCore</name>
         <value>0x10ff4</value>
         <object_component_ref idref="oc-170"/>
      </symbol>
      <symbol id="sm-44b">
         <name>LFXT_Start</name>
         <value>0x1119e</value>
         <object_component_ref idref="oc-176"/>
      </symbol>
      <symbol id="sm-44c">
         <name>Init_FLL_Settle</name>
         <value>0x11168</value>
         <object_component_ref idref="oc-17c"/>
      </symbol>
      <symbol id="sm-44d">
         <name>Init_FLL</name>
         <value>0x10222</value>
         <object_component_ref idref="oc-1ca"/>
      </symbol>
      <symbol id="sm-463">
         <name>__TI_cleanup_ptr</name>
         <value>0x2754</value>
      </symbol>
      <symbol id="sm-464">
         <name>__TI_dtors_ptr</name>
         <value>0x2758</value>
      </symbol>
      <symbol id="sm-465">
         <name>_c_int00</name>
         <value>0x4478</value>
         <object_component_ref idref="oc-72"/>
      </symbol>
      <symbol id="sm-466">
         <name>_stack</name>
         <value>0x4360</value>
         <object_component_ref idref="oc-97"/>
      </symbol>
      <symbol id="sm-467">
         <name>_c_int00_noargs</name>
         <value>0x4478</value>
         <object_component_ref idref="oc-72"/>
      </symbol>
      <symbol id="sm-468">
         <name>_reset_vector</name>
         <value>0xfffe</value>
         <object_component_ref idref="oc-9a"/>
      </symbol>
      <symbol id="sm-47e">
         <name>__TI_decompress_none</name>
         <value>0x114c4</value>
         <object_component_ref idref="oc-85"/>
      </symbol>
      <symbol id="sm-4a0">
         <name>__TI_decompress_rle24</name>
         <value>0x1153a</value>
         <object_component_ref idref="oc-91"/>
      </symbol>
      <symbol id="sm-4b3">
         <name>__TI_zero_init</name>
         <value>0x113c4</value>
         <object_component_ref idref="oc-8b"/>
      </symbol>
      <symbol id="sm-4bd">
         <name>__mspabi_remu</name>
         <value>0x11484</value>
         <object_component_ref idref="oc-31e"/>
      </symbol>
      <symbol id="sm-4be">
         <name>__mspabi_divu</name>
         <value>0x11484</value>
         <object_component_ref idref="oc-31e"/>
      </symbol>
      <symbol id="sm-4d4">
         <name>C$$EXIT</name>
         <value>0x11548</value>
         <object_component_ref idref="oc-138"/>
      </symbol>
      <symbol id="sm-4d5">
         <name>abort</name>
         <value>0x11548</value>
         <object_component_ref idref="oc-138"/>
      </symbol>
      <symbol id="sm-4d6">
         <name>exit</name>
         <value>0x11368</value>
         <object_component_ref idref="oc-c1"/>
      </symbol>
      <symbol id="sm-4d9">
         <name>__TI_int41</name>
         <value>0xffd2</value>
         <object_component_ref idref="oc-69"/>
      </symbol>
      <symbol id="sm-4dc">
         <name>__TI_int43</name>
         <value>0xffd6</value>
         <object_component_ref idref="oc-6b"/>
      </symbol>
      <symbol id="sm-4df">
         <name>__TI_int44</name>
         <value>0xffd8</value>
         <object_component_ref idref="oc-6c"/>
      </symbol>
      <symbol id="sm-4e2">
         <name>__TI_int45</name>
         <value>0xffda</value>
         <object_component_ref idref="oc-6d"/>
      </symbol>
      <symbol id="sm-4e5">
         <name>__TI_int46</name>
         <value>0xffdc</value>
         <object_component_ref idref="oc-6e"/>
      </symbol>
      <symbol id="sm-4e8">
         <name>__TI_int48</name>
         <value>0xffe0</value>
         <object_component_ref idref="oc-70"/>
      </symbol>
      <symbol id="sm-4eb">
         <name>__TI_int49</name>
         <value>0xffe2</value>
         <object_component_ref idref="oc-71"/>
      </symbol>
      <symbol id="sm-4ee">
         <name>__TI_int50</name>
         <value>0xffe4</value>
         <object_component_ref idref="oc-78"/>
      </symbol>
      <symbol id="sm-4f1">
         <name>__TI_int51</name>
         <value>0xffe6</value>
         <object_component_ref idref="oc-79"/>
      </symbol>
      <symbol id="sm-4f4">
         <name>__TI_int52</name>
         <value>0xffe8</value>
         <object_component_ref idref="oc-7a"/>
      </symbol>
      <symbol id="sm-4f7">
         <name>__TI_int53</name>
         <value>0xffea</value>
         <object_component_ref idref="oc-7b"/>
      </symbol>
      <symbol id="sm-4fa">
         <name>__TI_int55</name>
         <value>0xffee</value>
         <object_component_ref idref="oc-7d"/>
      </symbol>
      <symbol id="sm-4fd">
         <name>__TI_int56</name>
         <value>0xfff0</value>
         <object_component_ref idref="oc-7e"/>
      </symbol>
      <symbol id="sm-500">
         <name>__TI_int58</name>
         <value>0xfff4</value>
         <object_component_ref idref="oc-80"/>
      </symbol>
      <symbol id="sm-503">
         <name>__TI_int59</name>
         <value>0xfff6</value>
         <object_component_ref idref="oc-81"/>
      </symbol>
      <symbol id="sm-506">
         <name>__TI_int60</name>
         <value>0xfff8</value>
         <object_component_ref idref="oc-82"/>
      </symbol>
      <symbol id="sm-509">
         <name>__TI_int61</name>
         <value>0xfffa</value>
         <object_component_ref idref="oc-83"/>
      </symbol>
      <symbol id="sm-50c">
         <name>__TI_int62</name>
         <value>0xfffc</value>
         <object_component_ref idref="oc-84"/>
      </symbol>
      <symbol id="sm-514">
         <name>__TI_ISR_TRAP</name>
         <value>0x1152e</value>
         <object_component_ref idref="oc-9e"/>
      </symbol>
      <symbol id="sm-529">
         <name>memcpy</name>
         <value>0x114b0</value>
         <object_component_ref idref="oc-d4"/>
      </symbol>
      <symbol id="sm-537">
         <name>memset</name>
         <value>0x1146e</value>
         <object_component_ref idref="oc-231"/>
      </symbol>
      <symbol id="sm-540">
         <name>__mspabi_mpyi_f5hw</name>
         <value>0x1149a</value>
         <object_component_ref idref="oc-265"/>
      </symbol>
      <symbol id="sm-549">
         <name>_system_pre_init</name>
         <value>0x11544</value>
         <object_component_ref idref="oc-af"/>
      </symbol>
      <symbol id="sm-56c">
         <name>printf</name>
         <value>0x10eda</value>
         <object_component_ref idref="oc-128"/>
      </symbol>
      <symbol id="sm-57d">
         <name>_nop</name>
         <value>0x1154c</value>
         <object_component_ref idref="oc-1a2"/>
      </symbol>
      <symbol id="sm-57e">
         <name>_lock</name>
         <value>0x257c</value>
         <object_component_ref idref="oc-12f"/>
      </symbol>
      <symbol id="sm-57f">
         <name>_unlock</name>
         <value>0x2580</value>
         <object_component_ref idref="oc-12f"/>
      </symbol>
      <symbol id="sm-5ec">
         <name>__TI_printfi_minimal</name>
         <value>0x105a2</value>
         <object_component_ref idref="oc-19a"/>
      </symbol>
      <symbol id="sm-604">
         <name>_auto_init_hold_wdt</name>
         <value>0x10ac4</value>
         <object_component_ref idref="oc-b5"/>
      </symbol>
      <symbol id="sm-614">
         <name>__TI_tmpnams</name>
         <value>0x26ac</value>
      </symbol>
      <symbol id="sm-615">
         <name>_ftable</name>
         <value>0x2400</value>
         <object_component_ref idref="oc-18b"/>
      </symbol>
      <symbol id="sm-616">
         <name>__TI_ft_end</name>
         <value>0x2588</value>
         <object_component_ref idref="oc-2ec"/>
      </symbol>
      <symbol id="sm-62e">
         <name>fputs</name>
         <value>0x10132</value>
         <object_component_ref idref="oc-1d6"/>
      </symbol>
      <symbol id="sm-686">
         <name>lseek</name>
         <value>0x110ee</value>
         <object_component_ref idref="oc-28d"/>
      </symbol>
      <symbol id="sm-687">
         <name>write</name>
         <value>0x1112c</value>
         <object_component_ref idref="oc-225"/>
      </symbol>
      <symbol id="sm-688">
         <name>close</name>
         <value>0x10d8e</value>
         <object_component_ref idref="oc-32c"/>
      </symbol>
      <symbol id="sm-689">
         <name>unlink</name>
         <value>0x11338</value>
         <object_component_ref idref="oc-333"/>
      </symbol>
      <symbol id="sm-698">
         <name>memccpy</name>
         <value>0x113e8</value>
         <object_component_ref idref="oc-23e"/>
      </symbol>
      <symbol id="sm-6a7">
         <name>memchr</name>
         <value>0x11458</value>
         <object_component_ref idref="oc-219"/>
      </symbol>
      <symbol id="sm-6b6">
         <name>strchr</name>
         <value>0x1143e</value>
         <object_component_ref idref="oc-3ad"/>
      </symbol>
      <symbol id="sm-6c4">
         <name>strcmp</name>
         <value>0x11408</value>
         <object_component_ref idref="oc-3ca"/>
      </symbol>
      <symbol id="sm-6d1">
         <name>strlen</name>
         <value>0x11508</value>
         <object_component_ref idref="oc-1e4"/>
      </symbol>
      <symbol id="sm-6e1">
         <name>strncpy</name>
         <value>0x112a6</value>
         <object_component_ref idref="oc-3b3"/>
      </symbol>
      <symbol id="sm-71c">
         <name>HOSTrename</name>
         <value>0x10972</value>
         <object_component_ref idref="oc-316"/>
      </symbol>
      <symbol id="sm-71d">
         <name>HOSTclose</name>
         <value>0x10e42</value>
         <object_component_ref idref="oc-2f8"/>
      </symbol>
      <symbol id="sm-71e">
         <name>HOSTunlink</name>
         <value>0x10f6c</value>
         <object_component_ref idref="oc-310"/>
      </symbol>
      <symbol id="sm-71f">
         <name>HOSTlseek</name>
         <value>0x1072e</value>
         <object_component_ref idref="oc-30a"/>
      </symbol>
      <symbol id="sm-720">
         <name>HOSTopen</name>
         <value>0x10a56</value>
         <object_component_ref idref="oc-2f2"/>
      </symbol>
      <symbol id="sm-721">
         <name>HOSTwrite</name>
         <value>0x10b32</value>
         <object_component_ref idref="oc-304"/>
      </symbol>
      <symbol id="sm-722">
         <name>HOSTread</name>
         <value>0x10c06</value>
         <object_component_ref idref="oc-2fe"/>
      </symbol>
      <symbol id="sm-740">
         <name>__TI_readmsg</name>
         <value>0x11274</value>
         <object_component_ref idref="oc-34b"/>
      </symbol>
      <symbol id="sm-741">
         <name>C$$IO$$</name>
         <value>0x1123c</value>
         <object_component_ref idref="oc-344"/>
      </symbol>
      <symbol id="sm-742">
         <name>_CIOBUF_</name>
         <value>0x258c</value>
         <object_component_ref idref="oc-3a3"/>
      </symbol>
      <symbol id="sm-743">
         <name>__TI_writemsg</name>
         <value>0x1120a</value>
         <object_component_ref idref="oc-344"/>
      </symbol>
      <symbol id="sm-75b">
         <name>__TI_wrt_ok</name>
         <value>0x108f4</value>
         <object_component_ref idref="oc-213"/>
      </symbol>
      <symbol id="sm-76d">
         <name>__TI_doflush</name>
         <value>0x10c6e</value>
         <object_component_ref idref="oc-21f"/>
      </symbol>
      <symbol id="sm-77d">
         <name>fseek</name>
         <value>0x10b9c</value>
         <object_component_ref idref="oc-253"/>
      </symbol>
      <symbol id="sm-785">
         <name>__mspabi_slll_9</name>
         <value>0x1108a</value>
         <object_component_ref idref="oc-37d"/>
      </symbol>
      <symbol id="sm-786">
         <name>__mspabi_slll_8</name>
         <value>0x1108e</value>
         <object_component_ref idref="oc-37d"/>
      </symbol>
      <symbol id="sm-787">
         <name>__mspabi_slll_7</name>
         <value>0x11092</value>
         <object_component_ref idref="oc-37d"/>
      </symbol>
      <symbol id="sm-788">
         <name>__mspabi_slll_6</name>
         <value>0x11096</value>
         <object_component_ref idref="oc-37d"/>
      </symbol>
      <symbol id="sm-789">
         <name>__mspabi_slll_5</name>
         <value>0x1109a</value>
         <object_component_ref idref="oc-37d"/>
      </symbol>
      <symbol id="sm-78a">
         <name>__mspabi_slll_4</name>
         <value>0x1109e</value>
         <object_component_ref idref="oc-37d"/>
      </symbol>
      <symbol id="sm-78b">
         <name>__mspabi_slll_3</name>
         <value>0x110a2</value>
         <object_component_ref idref="oc-37d"/>
      </symbol>
      <symbol id="sm-78c">
         <name>__mspabi_slll_2</name>
         <value>0x110a6</value>
         <object_component_ref idref="oc-37d"/>
      </symbol>
      <symbol id="sm-78d">
         <name>__mspabi_slll_1</name>
         <value>0x110aa</value>
         <object_component_ref idref="oc-37d"/>
      </symbol>
      <symbol id="sm-78e">
         <name>__mspabi_slll_15</name>
         <value>0x11072</value>
         <object_component_ref idref="oc-37d"/>
      </symbol>
      <symbol id="sm-78f">
         <name>__mspabi_slll_14</name>
         <value>0x11076</value>
         <object_component_ref idref="oc-37d"/>
      </symbol>
      <symbol id="sm-790">
         <name>__mspabi_slll_13</name>
         <value>0x1107a</value>
         <object_component_ref idref="oc-37d"/>
      </symbol>
      <symbol id="sm-791">
         <name>__mspabi_slll_12</name>
         <value>0x1107e</value>
         <object_component_ref idref="oc-37d"/>
      </symbol>
      <symbol id="sm-792">
         <name>__mspabi_slll_11</name>
         <value>0x11082</value>
         <object_component_ref idref="oc-37d"/>
      </symbol>
      <symbol id="sm-793">
         <name>__mspabi_slll_10</name>
         <value>0x11086</value>
         <object_component_ref idref="oc-37d"/>
      </symbol>
      <symbol id="sm-79b">
         <name>__mspabi_srll_8</name>
         <value>0x110cc</value>
         <object_component_ref idref="oc-370"/>
      </symbol>
      <symbol id="sm-79c">
         <name>__mspabi_srll_9</name>
         <value>0x110c8</value>
         <object_component_ref idref="oc-370"/>
      </symbol>
      <symbol id="sm-79d">
         <name>__mspabi_srll_6</name>
         <value>0x110d4</value>
         <object_component_ref idref="oc-370"/>
      </symbol>
      <symbol id="sm-79e">
         <name>__mspabi_srll_7</name>
         <value>0x110d0</value>
         <object_component_ref idref="oc-370"/>
      </symbol>
      <symbol id="sm-79f">
         <name>__mspabi_srll_4</name>
         <value>0x110dc</value>
         <object_component_ref idref="oc-370"/>
      </symbol>
      <symbol id="sm-7a0">
         <name>__mspabi_srll_5</name>
         <value>0x110d8</value>
         <object_component_ref idref="oc-370"/>
      </symbol>
      <symbol id="sm-7a1">
         <name>__mspabi_srll_2</name>
         <value>0x110e4</value>
         <object_component_ref idref="oc-370"/>
      </symbol>
      <symbol id="sm-7a2">
         <name>__mspabi_srll_3</name>
         <value>0x110e0</value>
         <object_component_ref idref="oc-370"/>
      </symbol>
      <symbol id="sm-7a3">
         <name>__mspabi_srll_1</name>
         <value>0x110e8</value>
         <object_component_ref idref="oc-370"/>
      </symbol>
      <symbol id="sm-7a4">
         <name>__mspabi_srll_15</name>
         <value>0x110b0</value>
         <object_component_ref idref="oc-370"/>
      </symbol>
      <symbol id="sm-7a5">
         <name>__mspabi_srll_14</name>
         <value>0x110b4</value>
         <object_component_ref idref="oc-370"/>
      </symbol>
      <symbol id="sm-7a6">
         <name>__mspabi_srll_13</name>
         <value>0x110b8</value>
         <object_component_ref idref="oc-370"/>
      </symbol>
      <symbol id="sm-7a7">
         <name>__mspabi_srll_12</name>
         <value>0x110bc</value>
         <object_component_ref idref="oc-370"/>
      </symbol>
      <symbol id="sm-7a8">
         <name>__mspabi_srll_11</name>
         <value>0x110c0</value>
         <object_component_ref idref="oc-370"/>
      </symbol>
      <symbol id="sm-7a9">
         <name>__mspabi_srll_10</name>
         <value>0x110c4</value>
         <object_component_ref idref="oc-370"/>
      </symbol>
      <symbol id="sm-7c1">
         <name>setvbuf</name>
         <value>0x103ee</value>
         <object_component_ref idref="oc-259"/>
      </symbol>
      <symbol id="sm-7ce">
         <name>strcpy</name>
         <value>0x114d6</value>
         <object_component_ref idref="oc-38b"/>
      </symbol>
      <symbol id="sm-7da">
         <name>__TI_cleanup</name>
         <value>0x111d4</value>
         <object_component_ref idref="oc-2a1"/>
      </symbol>
      <symbol id="sm-825">
         <name>_sys_memory</name>
         <value>0x2768</value>
         <object_component_ref idref="oc-9b"/>
      </symbol>
      <symbol id="sm-826">
         <name>free</name>
         <value>0x10866</value>
         <object_component_ref idref="oc-295"/>
      </symbol>
      <symbol id="sm-827">
         <name>malloc</name>
         <value>0x10674</value>
         <object_component_ref idref="oc-29b"/>
      </symbol>
      <symbol id="sm-828">
         <name>minit</name>
         <value>0x10fb2</value>
         <object_component_ref idref="oc-2dc"/>
      </symbol>
      <symbol id="sm-839">
         <name>__TI_closefile</name>
         <value>0x109e6</value>
         <object_component_ref idref="oc-2e6"/>
      </symbol>
      <symbol id="sm-83b">
         <name>__TI_exit</name>
         <value>0x1</value>
      </symbol>
      <symbol id="sm-83c">
         <name>__TI_args_main</name>
         <value>0x1</value>
      </symbol>
      <symbol id="sm-83d">
         <name>__TI_INITARRAY_Base</name>
         <value>0x0</value>
      </symbol>
      <symbol id="sm-83e">
         <name>__TI_INITARRAY_Limit</name>
         <value>0x0</value>
      </symbol>
      <symbol id="sm-841">
         <name>remove</name>
         <value>0x11338</value>
      </symbol>
   </symbol_table>
   <title>Link successful</title>
</link_info>
