<?xml version="1.0"?>
<link_info>
   <banner>MSP430 Linker PC v4.3.3</banner>
   <copyright>Copyright (c) 2003-2014 Texas Instruments Incorporated</copyright>
   <link_time>0x5747fd99</link_time>
   <link_errors>0x0</link_errors>
   <output_file>SmartTrolleyCase.out</output_file>
   <entry_point>
      <name>_c_int00</name>
      <address>0x4492</address>
   </entry_point>
   <input_file_list>
      <input_file id="fl-2">
         <path>.\</path>
         <kind>object</kind>
         <file>app.obj</file>
         <name>app.obj</name>
      </input_file>
      <input_file id="fl-3">
         <path>.\</path>
         <kind>object</kind>
         <file>general.obj</file>
         <name>general.obj</name>
      </input_file>
      <input_file id="fl-4">
         <path>.\</path>
         <kind>object</kind>
         <file>main.obj</file>
         <name>main.obj</name>
      </input_file>
      <input_file id="fl-5">
         <path>.\MSP-EXP430F5529_HAL\</path>
         <kind>object</kind>
         <file>HAL_AppUart.obj</file>
         <name>HAL_AppUart.obj</name>
      </input_file>
      <input_file id="fl-6">
         <path>.\MSP-EXP430F5529_HAL\</path>
         <kind>object</kind>
         <file>HAL_Board.obj</file>
         <name>HAL_Board.obj</name>
      </input_file>
      <input_file id="fl-7">
         <path>.\MSP-EXP430F5529_HAL\</path>
         <kind>object</kind>
         <file>HAL_Buttons.obj</file>
         <name>HAL_Buttons.obj</name>
      </input_file>
      <input_file id="fl-8">
         <path>.\MSP-EXP430F5529_HAL\</path>
         <kind>object</kind>
         <file>HAL_Cma3000.obj</file>
         <name>HAL_Cma3000.obj</name>
      </input_file>
      <input_file id="fl-9">
         <path>.\MSP-EXP430F5529_HAL\</path>
         <kind>object</kind>
         <file>HAL_Dogs102x6.obj</file>
         <name>HAL_Dogs102x6.obj</name>
      </input_file>
      <input_file id="fl-a">
         <path>.\MSP-EXP430F5529_HAL\</path>
         <kind>object</kind>
         <file>HAL_Menu.obj</file>
         <name>HAL_Menu.obj</name>
      </input_file>
      <input_file id="fl-b">
         <path>.\MSP-EXP430F5529_HAL\</path>
         <kind>object</kind>
         <file>HAL_SDCard.obj</file>
         <name>HAL_SDCard.obj</name>
      </input_file>
      <input_file id="fl-c">
         <path>.\MSP-EXP430F5529_HAL\</path>
         <kind>object</kind>
         <file>HAL_Wheel.obj</file>
         <name>HAL_Wheel.obj</name>
      </input_file>
      <input_file id="fl-d">
         <path>.\F5xx_F6xx_Core_Lib\</path>
         <kind>object</kind>
         <file>HAL_FLASH.obj</file>
         <name>HAL_FLASH.obj</name>
      </input_file>
      <input_file id="fl-e">
         <path>.\F5xx_F6xx_Core_Lib\</path>
         <kind>object</kind>
         <file>HAL_PMAP.obj</file>
         <name>HAL_PMAP.obj</name>
      </input_file>
      <input_file id="fl-f">
         <path>.\F5xx_F6xx_Core_Lib\</path>
         <kind>object</kind>
         <file>HAL_PMM.obj</file>
         <name>HAL_PMM.obj</name>
      </input_file>
      <input_file id="fl-10">
         <path>.\F5xx_F6xx_Core_Lib\</path>
         <kind>object</kind>
         <file>HAL_TLV.obj</file>
         <name>HAL_TLV.obj</name>
      </input_file>
      <input_file id="fl-11">
         <path>.\F5xx_F6xx_Core_Lib\</path>
         <kind>object</kind>
         <file>HAL_UCS.obj</file>
         <name>HAL_UCS.obj</name>
      </input_file>
      <input_file id="fl-12">
         <path>.\Drivers\Lock\</path>
         <kind>object</kind>
         <file>lock.obj</file>
         <name>lock.obj</name>
      </input_file>
      <input_file id="fl-13">
         <path>.\Drivers\GPS\</path>
         <kind>object</kind>
         <file>GPS.obj</file>
         <name>GPS.obj</name>
      </input_file>
      <input_file id="fl-14">
         <path>.\Drivers\GPRS\</path>
         <kind>object</kind>
         <file>GPRS.obj</file>
         <name>GPRS.obj</name>
      </input_file>
      <input_file id="fl-15">
         <path>.\Drivers\GM8125\</path>
         <kind>object</kind>
         <file>GM8125.obj</file>
         <name>GM8125.obj</name>
      </input_file>
      <input_file id="fl-16">
         <path>.\Drivers\Bluetooth\</path>
         <kind>object</kind>
         <file>Bluetooth.obj</file>
         <name>Bluetooth.obj</name>
      </input_file>
      <input_file id="fl-45">
         <path>D:\Program Files\TI\ccsv6\tools\compiler\msp430_4.3.3\lib\</path>
         <kind>archive</kind>
         <file>rts430x_lc_rd_eabi.lib</file>
         <name>addd.obj</name>
      </input_file>
      <input_file id="fl-46">
         <path>D:\Program Files\TI\ccsv6\tools\compiler\msp430_4.3.3\lib\</path>
         <kind>archive</kind>
         <file>rts430x_lc_rd_eabi.lib</file>
         <name>asr16.obj</name>
      </input_file>
      <input_file id="fl-47">
         <path>D:\Program Files\TI\ccsv6\tools\compiler\msp430_4.3.3\lib\</path>
         <kind>archive</kind>
         <file>rts430x_lc_rd_eabi.lib</file>
         <name>atof.obj</name>
      </input_file>
      <input_file id="fl-48">
         <path>D:\Program Files\TI\ccsv6\tools\compiler\msp430_4.3.3\lib\</path>
         <kind>archive</kind>
         <file>rts430x_lc_rd_eabi.lib</file>
         <name>atoi.obj</name>
      </input_file>
      <input_file id="fl-49">
         <path>D:\Program Files\TI\ccsv6\tools\compiler\msp430_4.3.3\lib\</path>
         <kind>archive</kind>
         <file>rts430x_lc_rd_eabi.lib</file>
         <name>boot.obj</name>
      </input_file>
      <input_file id="fl-4a">
         <path>D:\Program Files\TI\ccsv6\tools\compiler\msp430_4.3.3\lib\</path>
         <kind>archive</kind>
         <file>rts430x_lc_rd_eabi.lib</file>
         <name>cmpd.obj</name>
      </input_file>
      <input_file id="fl-4b">
         <path>D:\Program Files\TI\ccsv6\tools\compiler\msp430_4.3.3\lib\</path>
         <kind>archive</kind>
         <file>rts430x_lc_rd_eabi.lib</file>
         <name>copy_decompress_none.obj</name>
      </input_file>
      <input_file id="fl-4c">
         <path>D:\Program Files\TI\ccsv6\tools\compiler\msp430_4.3.3\lib\</path>
         <kind>archive</kind>
         <file>rts430x_lc_rd_eabi.lib</file>
         <name>copy_decompress_rle.obj</name>
      </input_file>
      <input_file id="fl-4d">
         <path>D:\Program Files\TI\ccsv6\tools\compiler\msp430_4.3.3\lib\</path>
         <kind>archive</kind>
         <file>rts430x_lc_rd_eabi.lib</file>
         <name>copy_zero_init.obj</name>
      </input_file>
      <input_file id="fl-4e">
         <path>D:\Program Files\TI\ccsv6\tools\compiler\msp430_4.3.3\lib\</path>
         <kind>archive</kind>
         <file>rts430x_lc_rd_eabi.lib</file>
         <name>ctype.obj</name>
      </input_file>
      <input_file id="fl-4f">
         <path>D:\Program Files\TI\ccsv6\tools\compiler\msp430_4.3.3\lib\</path>
         <kind>archive</kind>
         <file>rts430x_lc_rd_eabi.lib</file>
         <name>cvtdf.obj</name>
      </input_file>
      <input_file id="fl-50">
         <path>D:\Program Files\TI\ccsv6\tools\compiler\msp430_4.3.3\lib\</path>
         <kind>archive</kind>
         <file>rts430x_lc_rd_eabi.lib</file>
         <name>cvtfd.obj</name>
      </input_file>
      <input_file id="fl-51">
         <path>D:\Program Files\TI\ccsv6\tools\compiler\msp430_4.3.3\lib\</path>
         <kind>archive</kind>
         <file>rts430x_lc_rd_eabi.lib</file>
         <name>div16s.obj</name>
      </input_file>
      <input_file id="fl-52">
         <path>D:\Program Files\TI\ccsv6\tools\compiler\msp430_4.3.3\lib\</path>
         <kind>archive</kind>
         <file>rts430x_lc_rd_eabi.lib</file>
         <name>div16u.obj</name>
      </input_file>
      <input_file id="fl-53">
         <path>D:\Program Files\TI\ccsv6\tools\compiler\msp430_4.3.3\lib\</path>
         <kind>archive</kind>
         <file>rts430x_lc_rd_eabi.lib</file>
         <name>div32s.obj</name>
      </input_file>
      <input_file id="fl-54">
         <path>D:\Program Files\TI\ccsv6\tools\compiler\msp430_4.3.3\lib\</path>
         <kind>archive</kind>
         <file>rts430x_lc_rd_eabi.lib</file>
         <name>div32u.obj</name>
      </input_file>
      <input_file id="fl-55">
         <path>D:\Program Files\TI\ccsv6\tools\compiler\msp430_4.3.3\lib\</path>
         <kind>archive</kind>
         <file>rts430x_lc_rd_eabi.lib</file>
         <name>divd.obj</name>
      </input_file>
      <input_file id="fl-56">
         <path>D:\Program Files\TI\ccsv6\tools\compiler\msp430_4.3.3\lib\</path>
         <kind>archive</kind>
         <file>rts430x_lc_rd_eabi.lib</file>
         <name>exit.obj</name>
      </input_file>
      <input_file id="fl-57">
         <path>D:\Program Files\TI\ccsv6\tools\compiler\msp430_4.3.3\lib\</path>
         <kind>archive</kind>
         <file>rts430x_lc_rd_eabi.lib</file>
         <name>fixdli.obj</name>
      </input_file>
      <input_file id="fl-58">
         <path>D:\Program Files\TI\ccsv6\tools\compiler\msp430_4.3.3\lib\</path>
         <kind>archive</kind>
         <file>rts430x_lc_rd_eabi.lib</file>
         <name>fltlid.obj</name>
      </input_file>
      <input_file id="fl-59">
         <path>D:\Program Files\TI\ccsv6\tools\compiler\msp430_4.3.3\lib\</path>
         <kind>archive</kind>
         <file>rts430x_lc_rd_eabi.lib</file>
         <name>frcaddd.obj</name>
      </input_file>
      <input_file id="fl-5a">
         <path>D:\Program Files\TI\ccsv6\tools\compiler\msp430_4.3.3\lib\</path>
         <kind>archive</kind>
         <file>rts430x_lc_rd_eabi.lib</file>
         <name>frcdivd.obj</name>
      </input_file>
      <input_file id="fl-5b">
         <path>D:\Program Files\TI\ccsv6\tools\compiler\msp430_4.3.3\lib\</path>
         <kind>archive</kind>
         <file>rts430x_lc_rd_eabi.lib</file>
         <name>fs_add.obj</name>
      </input_file>
      <input_file id="fl-5c">
         <path>D:\Program Files\TI\ccsv6\tools\compiler\msp430_4.3.3\lib\</path>
         <kind>archive</kind>
         <file>rts430x_lc_rd_eabi.lib</file>
         <name>fs_cmp.obj</name>
      </input_file>
      <input_file id="fl-5d">
         <path>D:\Program Files\TI\ccsv6\tools\compiler\msp430_4.3.3\lib\</path>
         <kind>archive</kind>
         <file>rts430x_lc_rd_eabi.lib</file>
         <name>fs_itof.obj</name>
      </input_file>
      <input_file id="fl-5e">
         <path>D:\Program Files\TI\ccsv6\tools\compiler\msp430_4.3.3\lib\</path>
         <kind>archive</kind>
         <file>rts430x_lc_rd_eabi.lib</file>
         <name>fs_mpy.obj</name>
      </input_file>
      <input_file id="fl-5f">
         <path>D:\Program Files\TI\ccsv6\tools\compiler\msp430_4.3.3\lib\</path>
         <kind>archive</kind>
         <file>rts430x_lc_rd_eabi.lib</file>
         <name>fs_toi.obj</name>
      </input_file>
      <input_file id="fl-60">
         <path>D:\Program Files\TI\ccsv6\tools\compiler\msp430_4.3.3\lib\</path>
         <kind>archive</kind>
         <file>rts430x_lc_rd_eabi.lib</file>
         <name>int41.obj</name>
      </input_file>
      <input_file id="fl-61">
         <path>D:\Program Files\TI\ccsv6\tools\compiler\msp430_4.3.3\lib\</path>
         <kind>archive</kind>
         <file>rts430x_lc_rd_eabi.lib</file>
         <name>int43.obj</name>
      </input_file>
      <input_file id="fl-62">
         <path>D:\Program Files\TI\ccsv6\tools\compiler\msp430_4.3.3\lib\</path>
         <kind>archive</kind>
         <file>rts430x_lc_rd_eabi.lib</file>
         <name>int44.obj</name>
      </input_file>
      <input_file id="fl-63">
         <path>D:\Program Files\TI\ccsv6\tools\compiler\msp430_4.3.3\lib\</path>
         <kind>archive</kind>
         <file>rts430x_lc_rd_eabi.lib</file>
         <name>int45.obj</name>
      </input_file>
      <input_file id="fl-64">
         <path>D:\Program Files\TI\ccsv6\tools\compiler\msp430_4.3.3\lib\</path>
         <kind>archive</kind>
         <file>rts430x_lc_rd_eabi.lib</file>
         <name>int46.obj</name>
      </input_file>
      <input_file id="fl-65">
         <path>D:\Program Files\TI\ccsv6\tools\compiler\msp430_4.3.3\lib\</path>
         <kind>archive</kind>
         <file>rts430x_lc_rd_eabi.lib</file>
         <name>int48.obj</name>
      </input_file>
      <input_file id="fl-66">
         <path>D:\Program Files\TI\ccsv6\tools\compiler\msp430_4.3.3\lib\</path>
         <kind>archive</kind>
         <file>rts430x_lc_rd_eabi.lib</file>
         <name>int49.obj</name>
      </input_file>
      <input_file id="fl-67">
         <path>D:\Program Files\TI\ccsv6\tools\compiler\msp430_4.3.3\lib\</path>
         <kind>archive</kind>
         <file>rts430x_lc_rd_eabi.lib</file>
         <name>int50.obj</name>
      </input_file>
      <input_file id="fl-68">
         <path>D:\Program Files\TI\ccsv6\tools\compiler\msp430_4.3.3\lib\</path>
         <kind>archive</kind>
         <file>rts430x_lc_rd_eabi.lib</file>
         <name>int51.obj</name>
      </input_file>
      <input_file id="fl-69">
         <path>D:\Program Files\TI\ccsv6\tools\compiler\msp430_4.3.3\lib\</path>
         <kind>archive</kind>
         <file>rts430x_lc_rd_eabi.lib</file>
         <name>int52.obj</name>
      </input_file>
      <input_file id="fl-6a">
         <path>D:\Program Files\TI\ccsv6\tools\compiler\msp430_4.3.3\lib\</path>
         <kind>archive</kind>
         <file>rts430x_lc_rd_eabi.lib</file>
         <name>int53.obj</name>
      </input_file>
      <input_file id="fl-6b">
         <path>D:\Program Files\TI\ccsv6\tools\compiler\msp430_4.3.3\lib\</path>
         <kind>archive</kind>
         <file>rts430x_lc_rd_eabi.lib</file>
         <name>int55.obj</name>
      </input_file>
      <input_file id="fl-6c">
         <path>D:\Program Files\TI\ccsv6\tools\compiler\msp430_4.3.3\lib\</path>
         <kind>archive</kind>
         <file>rts430x_lc_rd_eabi.lib</file>
         <name>int56.obj</name>
      </input_file>
      <input_file id="fl-6d">
         <path>D:\Program Files\TI\ccsv6\tools\compiler\msp430_4.3.3\lib\</path>
         <kind>archive</kind>
         <file>rts430x_lc_rd_eabi.lib</file>
         <name>int58.obj</name>
      </input_file>
      <input_file id="fl-6e">
         <path>D:\Program Files\TI\ccsv6\tools\compiler\msp430_4.3.3\lib\</path>
         <kind>archive</kind>
         <file>rts430x_lc_rd_eabi.lib</file>
         <name>int59.obj</name>
      </input_file>
      <input_file id="fl-6f">
         <path>D:\Program Files\TI\ccsv6\tools\compiler\msp430_4.3.3\lib\</path>
         <kind>archive</kind>
         <file>rts430x_lc_rd_eabi.lib</file>
         <name>int60.obj</name>
      </input_file>
      <input_file id="fl-70">
         <path>D:\Program Files\TI\ccsv6\tools\compiler\msp430_4.3.3\lib\</path>
         <kind>archive</kind>
         <file>rts430x_lc_rd_eabi.lib</file>
         <name>int61.obj</name>
      </input_file>
      <input_file id="fl-71">
         <path>D:\Program Files\TI\ccsv6\tools\compiler\msp430_4.3.3\lib\</path>
         <kind>archive</kind>
         <file>rts430x_lc_rd_eabi.lib</file>
         <name>int62.obj</name>
      </input_file>
      <input_file id="fl-72">
         <path>D:\Program Files\TI\ccsv6\tools\compiler\msp430_4.3.3\lib\</path>
         <kind>archive</kind>
         <file>rts430x_lc_rd_eabi.lib</file>
         <name>isr_trap.obj</name>
      </input_file>
      <input_file id="fl-73">
         <path>D:\Program Files\TI\ccsv6\tools\compiler\msp430_4.3.3\lib\</path>
         <kind>archive</kind>
         <file>rts430x_lc_rd_eabi.lib</file>
         <name>lsl16.obj</name>
      </input_file>
      <input_file id="fl-74">
         <path>D:\Program Files\TI\ccsv6\tools\compiler\msp430_4.3.3\lib\</path>
         <kind>archive</kind>
         <file>rts430x_lc_rd_eabi.lib</file>
         <name>lsl32.obj</name>
      </input_file>
      <input_file id="fl-75">
         <path>D:\Program Files\TI\ccsv6\tools\compiler\msp430_4.3.3\lib\</path>
         <kind>archive</kind>
         <file>rts430x_lc_rd_eabi.lib</file>
         <name>lsr16.obj</name>
      </input_file>
      <input_file id="fl-76">
         <path>D:\Program Files\TI\ccsv6\tools\compiler\msp430_4.3.3\lib\</path>
         <kind>archive</kind>
         <file>rts430x_lc_rd_eabi.lib</file>
         <name>lsr32.obj</name>
      </input_file>
      <input_file id="fl-77">
         <path>D:\Program Files\TI\ccsv6\tools\compiler\msp430_4.3.3\lib\</path>
         <kind>archive</kind>
         <file>rts430x_lc_rd_eabi.lib</file>
         <name>memcpy.obj</name>
      </input_file>
      <input_file id="fl-78">
         <path>D:\Program Files\TI\ccsv6\tools\compiler\msp430_4.3.3\lib\</path>
         <kind>archive</kind>
         <file>rts430x_lc_rd_eabi.lib</file>
         <name>memset.obj</name>
      </input_file>
      <input_file id="fl-79">
         <path>D:\Program Files\TI\ccsv6\tools\compiler\msp430_4.3.3\lib\</path>
         <kind>archive</kind>
         <file>rts430x_lc_rd_eabi.lib</file>
         <name>mpu_init.obj</name>
      </input_file>
      <input_file id="fl-7a">
         <path>D:\Program Files\TI\ccsv6\tools\compiler\msp430_4.3.3\lib\</path>
         <kind>archive</kind>
         <file>rts430x_lc_rd_eabi.lib</file>
         <name>mult16_f5hw.obj</name>
      </input_file>
      <input_file id="fl-7b">
         <path>D:\Program Files\TI\ccsv6\tools\compiler\msp430_4.3.3\lib\</path>
         <kind>archive</kind>
         <file>rts430x_lc_rd_eabi.lib</file>
         <name>mult32_f5hw.obj</name>
      </input_file>
      <input_file id="fl-7c">
         <path>D:\Program Files\TI\ccsv6\tools\compiler\msp430_4.3.3\lib\</path>
         <kind>archive</kind>
         <file>rts430x_lc_rd_eabi.lib</file>
         <name>pre_init.obj</name>
      </input_file>
      <input_file id="fl-7d">
         <path>D:\Program Files\TI\ccsv6\tools\compiler\msp430_4.3.3\lib\</path>
         <kind>archive</kind>
         <file>rts430x_lc_rd_eabi.lib</file>
         <name>renormd.obj</name>
      </input_file>
      <input_file id="fl-7e">
         <path>D:\Program Files\TI\ccsv6\tools\compiler\msp430_4.3.3\lib\</path>
         <kind>archive</kind>
         <file>rts430x_lc_rd_eabi.lib</file>
         <name>strcat.obj</name>
      </input_file>
      <input_file id="fl-7f">
         <path>D:\Program Files\TI\ccsv6\tools\compiler\msp430_4.3.3\lib\</path>
         <kind>archive</kind>
         <file>rts430x_lc_rd_eabi.lib</file>
         <name>strcpy.obj</name>
      </input_file>
      <input_file id="fl-80">
         <path>D:\Program Files\TI\ccsv6\tools\compiler\msp430_4.3.3\lib\</path>
         <kind>archive</kind>
         <file>rts430x_lc_rd_eabi.lib</file>
         <name>strstr.obj</name>
      </input_file>
      <input_file id="fl-81">
         <path>D:\Program Files\TI\ccsv6\tools\compiler\msp430_4.3.3\lib\</path>
         <kind>archive</kind>
         <file>rts430x_lc_rd_eabi.lib</file>
         <name>strtod.obj</name>
      </input_file>
      <input_file id="fl-82">
         <path>D:\Program Files\TI\ccsv6\tools\compiler\msp430_4.3.3\lib\</path>
         <kind>archive</kind>
         <file>rts430x_lc_rd_eabi.lib</file>
         <name>subd.obj</name>
      </input_file>
      <input_file id="fl-83">
         <path>D:\Program Files\TI\ccsv6\tools\compiler\msp430_4.3.3\lib\</path>
         <kind>archive</kind>
         <file>rts430x_lc_rd_eabi.lib</file>
         <name>_lock.obj</name>
      </input_file>
      <input_file id="fl-84">
         <path>D:\Program Files\TI\ccsv6\tools\compiler\msp430_4.3.3\lib\</path>
         <kind>archive</kind>
         <file>rts430x_lc_rd_eabi.lib</file>
         <name>abs.obj</name>
      </input_file>
      <input_file id="fl-85">
         <path>D:\Program Files\TI\ccsv6\tools\compiler\msp430_4.3.3\lib\</path>
         <kind>archive</kind>
         <file>rts430x_lc_rd_eabi.lib</file>
         <name>args_main.obj</name>
      </input_file>
      <input_file id="fl-86">
         <path>D:\Program Files\TI\ccsv6\tools\compiler\msp430_4.3.3\lib\</path>
         <kind>archive</kind>
         <file>rts430x_lc_rd_eabi.lib</file>
         <name>asr32.obj</name>
      </input_file>
      <input_file id="fl-87">
         <path>D:\Program Files\TI\ccsv6\tools\compiler\msp430_4.3.3\lib\</path>
         <kind>archive</kind>
         <file>rts430x_lc_rd_eabi.lib</file>
         <name>autoinit.obj</name>
      </input_file>
      <input_file id="fl-88">
         <path>D:\Program Files\TI\ccsv6\tools\compiler\msp430_4.3.3\lib\</path>
         <kind>archive</kind>
         <file>rts430x_lc_rd_eabi.lib</file>
         <name>errno.obj</name>
      </input_file>
      <input_file id="fl-89">
         <path>D:\Program Files\TI\ccsv6\tools\compiler\msp430_4.3.3\lib\</path>
         <kind>archive</kind>
         <file>rts430x_lc_rd_eabi.lib</file>
         <name>mpyd.obj</name>
      </input_file>
      <input_file id="fl-8a">
         <path>D:\Program Files\TI\ccsv6\tools\compiler\msp430_4.3.3\lib\</path>
         <kind>archive</kind>
         <file>rts430x_lc_rd_eabi.lib</file>
         <name>negd.obj</name>
      </input_file>
      <input_file id="fl-8b">
         <path>D:\Program Files\TI\ccsv6\tools\compiler\msp430_4.3.3\lib\</path>
         <kind>archive</kind>
         <file>rts430x_lc_rd_eabi.lib</file>
         <name>frcmpyd.obj</name>
      </input_file>
   </input_file_list>
   <object_component_list>
      <object_component id="oc-97">
         <name>.stack</name>
         <uninitialized>true</uninitialized>
         <run_address>0x4360</run_address>
         <size>0x4</size>
         <input_file_ref idref="fl-49"/>
      </object_component>
      <object_component id="oc-459">
         <name>.stack</name>
         <uninitialized>true</uninitialized>
         <run_address>0x4360</run_address>
         <size>0x0</size>
      </object_component>
      <object_component id="oc-363">
         <name>.text:__TI_frcdivd</name>
         <load_address>0x10000</load_address>
         <run_address>0x10000</run_address>
         <size>0x452</size>
         <input_file_ref idref="fl-5a"/>
      </object_component>
      <object_component id="oc-33d">
         <name>.text:strtod</name>
         <load_address>0x10452</load_address>
         <run_address>0x10452</run_address>
         <size>0x2f4</size>
         <input_file_ref idref="fl-81"/>
      </object_component>
      <object_component id="oc-3cb">
         <name>.text:__TI_frcmpyd</name>
         <load_address>0x10746</load_address>
         <run_address>0x10746</run_address>
         <size>0x2e4</size>
         <input_file_ref idref="fl-8b"/>
      </object_component>
      <object_component id="oc-309">
         <name>.text:__mspabi_addd</name>
         <load_address>0x10a2a</load_address>
         <run_address>0x10a2a</run_address>
         <size>0x2d8</size>
         <input_file_ref idref="fl-45"/>
      </object_component>
      <object_component id="oc-38a">
         <name>.text:__mspabi_mpyd</name>
         <load_address>0x10d02</load_address>
         <run_address>0x10d02</run_address>
         <size>0x282</size>
         <input_file_ref idref="fl-89"/>
      </object_component>
      <object_component id="oc-35b">
         <name>.text:__TI_frcaddd</name>
         <load_address>0x10f84</load_address>
         <run_address>0x10f84</run_address>
         <size>0x252</size>
         <input_file_ref idref="fl-59"/>
      </object_component>
      <object_component id="oc-30f">
         <name>.text:__mspabi_divd</name>
         <load_address>0x111d6</load_address>
         <run_address>0x111d6</run_address>
         <size>0x222</size>
         <input_file_ref idref="fl-55"/>
      </object_component>
      <object_component id="oc-295">
         <name>.text:NMEA_DecodeGPGLL</name>
         <load_address>0x113f8</load_address>
         <run_address>0x113f8</run_address>
         <size>0x1b8</size>
         <input_file_ref idref="fl-13"/>
      </object_component>
      <object_component id="oc-247">
         <name>.text:ftoa</name>
         <load_address>0x115b0</load_address>
         <run_address>0x115b0</run_address>
         <size>0x16e</size>
         <input_file_ref idref="fl-3"/>
      </object_component>
      <object_component id="oc-1b7">
         <name>.text:GPRS_InitSMTP</name>
         <load_address>0x1171e</load_address>
         <run_address>0x1171e</run_address>
         <size>0x146</size>
         <input_file_ref idref="fl-14"/>
      </object_component>
      <object_component id="oc-2ad">
         <name>.text</name>
         <load_address>0x11864</load_address>
         <run_address>0x11864</run_address>
         <size>0x130</size>
         <input_file_ref idref="fl-5b"/>
      </object_component>
      <object_component id="oc-1f2">
         <name>.text:Init_FLL</name>
         <load_address>0x11994</load_address>
         <run_address>0x11994</run_address>
         <size>0xe8</size>
         <input_file_ref idref="fl-11"/>
      </object_component>
      <object_component id="oc-161">
         <name>.text:Board_init</name>
         <load_address>0x11a7c</load_address>
         <run_address>0x11a7c</run_address>
         <size>0xe4</size>
         <input_file_ref idref="fl-6"/>
      </object_component>
      <object_component id="oc-1ca">
         <name>.text:GPRS_SendMail</name>
         <load_address>0x11b60</load_address>
         <run_address>0x11b60</run_address>
         <size>0xe4</size>
         <input_file_ref idref="fl-14"/>
      </object_component>
      <object_component id="oc-2cc">
         <name>.text:__mspabi_cmpd</name>
         <load_address>0x11c44</load_address>
         <run_address>0x11c44</run_address>
         <size>0xd8</size>
         <input_file_ref idref="fl-4a"/>
      </object_component>
      <object_component id="oc-1e4">
         <name>.text:SetVCoreUp</name>
         <load_address>0x11d1c</load_address>
         <run_address>0x11d1c</run_address>
         <size>0xd4</size>
         <input_file_ref idref="fl-f"/>
      </object_component>
      <object_component id="oc-2c1">
         <name>.text</name>
         <load_address>0x11df0</load_address>
         <run_address>0x11df0</run_address>
         <size>0xb6</size>
         <input_file_ref idref="fl-5e"/>
      </object_component>
      <object_component id="oc-114">
         <name>.text:GM8125_SelectChannel</name>
         <load_address>0x11ea6</load_address>
         <run_address>0x11ea6</run_address>
         <size>0xb4</size>
         <input_file_ref idref="fl-15"/>
      </object_component>
      <object_component id="oc-3ad">
         <name>.text:__TI_renormd</name>
         <load_address>0x11f5a</load_address>
         <run_address>0x11f5a</run_address>
         <size>0xb2</size>
         <input_file_ref idref="fl-7d"/>
      </object_component>
      <object_component id="oc-1ea">
         <name>.text:SetVCoreDown</name>
         <load_address>0x1200c</load_address>
         <run_address>0x1200c</run_address>
         <size>0x9a</size>
         <input_file_ref idref="fl-f"/>
      </object_component>
      <object_component id="oc-2f8">
         <name>.text:__mspabi_fltlid</name>
         <load_address>0x120a6</load_address>
         <run_address>0x120a6</run_address>
         <size>0x94</size>
         <input_file_ref idref="fl-58"/>
      </object_component>
      <object_component id="oc-241">
         <name>.text:__mspabi_cvtdf</name>
         <load_address>0x1213a</load_address>
         <run_address>0x1213a</run_address>
         <size>0x8c</size>
         <input_file_ref idref="fl-4f"/>
      </object_component>
      <object_component id="oc-1bd">
         <name>.text:GPS_PutLocation</name>
         <load_address>0x121c6</load_address>
         <run_address>0x121c6</run_address>
         <size>0x8a</size>
         <input_file_ref idref="fl-13"/>
      </object_component>
      <object_component id="oc-136">
         <name>.text:ReportLocation</name>
         <load_address>0x12250</load_address>
         <run_address>0x12250</run_address>
         <size>0x8a</size>
         <input_file_ref idref="fl-2"/>
      </object_component>
      <object_component id="oc-b2">
         <name>.text:_auto_init_hold_wdt</name>
         <load_address>0x122da</load_address>
         <run_address>0x122da</run_address>
         <size>0x6e</size>
         <input_file_ref idref="fl-87"/>
      </object_component>
      <object_component id="oc-1b1">
         <name>.text:GPRS_InitTCPEnv</name>
         <load_address>0x12348</load_address>
         <run_address>0x12348</run_address>
         <size>0x6c</size>
         <input_file_ref idref="fl-14"/>
      </object_component>
      <object_component id="oc-b8">
         <name>.text:main</name>
         <load_address>0x123b4</load_address>
         <run_address>0x123b4</run_address>
         <size>0x68</size>
         <input_file_ref idref="fl-4"/>
      </object_component>
      <object_component id="oc-2b2">
         <name>.text</name>
         <load_address>0x1241c</load_address>
         <run_address>0x1241c</run_address>
         <size>0x68</size>
         <input_file_ref idref="fl-5f"/>
      </object_component>
      <object_component id="oc-2f2">
         <name>.text:__mspabi_fixdli</name>
         <load_address>0x12484</load_address>
         <run_address>0x12484</run_address>
         <size>0x66</size>
         <input_file_ref idref="fl-57"/>
      </object_component>
      <object_component id="oc-2c6">
         <name>.text:__mspabi_cvtfd</name>
         <load_address>0x124ea</load_address>
         <run_address>0x124ea</run_address>
         <size>0x64</size>
         <input_file_ref idref="fl-50"/>
      </object_component>
      <object_component id="oc-e5">
         <name>.text:__TI_decompress_rle_core</name>
         <load_address>0x1254e</load_address>
         <run_address>0x1254e</run_address>
         <size>0x62</size>
         <input_file_ref idref="fl-4c"/>
      </object_component>
      <object_component id="oc-315">
         <name>.text:atoi</name>
         <load_address>0x125b0</load_address>
         <run_address>0x125b0</run_address>
         <size>0x62</size>
         <input_file_ref idref="fl-48"/>
      </object_component>
      <object_component id="oc-214">
         <name>.text:GPRS_Gets</name>
         <load_address>0x12612</load_address>
         <run_address>0x12612</run_address>
         <size>0x60</size>
         <input_file_ref idref="fl-14"/>
      </object_component>
      <object_component id="oc-21a">
         <name>.text:GPRS_GetAndVerifyATReply</name>
         <load_address>0x12672</load_address>
         <run_address>0x12672</run_address>
         <size>0x5a</size>
         <input_file_ref idref="fl-14"/>
      </object_component>
      <object_component id="oc-355">
         <name>.text</name>
         <load_address>0x126cc</load_address>
         <run_address>0x126cc</run_address>
         <size>0x58</size>
         <input_file_ref idref="fl-54"/>
      </object_component>
      <object_component id="oc-2a8">
         <name>.text</name>
         <load_address>0x12724</load_address>
         <run_address>0x12724</run_address>
         <size>0x4a</size>
         <input_file_ref idref="fl-5c"/>
      </object_component>
      <object_component id="oc-2e6">
         <name>.text:NMEA_GetCommaPos</name>
         <load_address>0x1276e</load_address>
         <run_address>0x1276e</run_address>
         <size>0x40</size>
         <input_file_ref idref="fl-13"/>
      </object_component>
      <object_component id="oc-167">
         <name>.text:SetVCore</name>
         <load_address>0x127ae</load_address>
         <run_address>0x127ae</run_address>
         <size>0x40</size>
         <input_file_ref idref="fl-f"/>
      </object_component>
      <object_component id="oc-304">
         <name>.text</name>
         <load_address>0x127ee</load_address>
         <run_address>0x127ee</run_address>
         <size>0x40</size>
         <input_file_ref idref="fl-53"/>
      </object_component>
      <object_component id="oc-32a">
         <name>.text:l_asr_const</name>
         <load_address>0x1282e</load_address>
         <run_address>0x1282e</run_address>
         <size>0x3e</size>
         <input_file_ref idref="fl-86"/>
      </object_component>
      <object_component id="oc-29c">
         <name>.text:l_lsl_const</name>
         <load_address>0x1286c</load_address>
         <run_address>0x1286c</run_address>
         <size>0x3e</size>
         <input_file_ref idref="fl-74"/>
      </object_component>
      <object_component id="oc-34c">
         <name>.text:l_lsr_const</name>
         <load_address>0x128aa</load_address>
         <run_address>0x128aa</run_address>
         <size>0x3e</size>
         <input_file_ref idref="fl-76"/>
      </object_component>
      <object_component id="oc-22e">
         <name>.text:strstr</name>
         <load_address>0x128e8</load_address>
         <run_address>0x128e8</run_address>
         <size>0x3c</size>
         <input_file_ref idref="fl-80"/>
      </object_component>
      <object_component id="oc-234">
         <name>.text:GPRS_SendATData</name>
         <load_address>0x12924</load_address>
         <run_address>0x12924</run_address>
         <size>0x36</size>
         <input_file_ref idref="fl-14"/>
      </object_component>
      <object_component id="oc-173">
         <name>.text:Init_FLL_Settle</name>
         <load_address>0x1295a</load_address>
         <run_address>0x1295a</run_address>
         <size>0x36</size>
         <input_file_ref idref="fl-11"/>
      </object_component>
      <object_component id="oc-16d">
         <name>.text:LFXT_Start</name>
         <load_address>0x12990</load_address>
         <run_address>0x12990</run_address>
         <size>0x36</size>
         <input_file_ref idref="fl-11"/>
      </object_component>
      <object_component id="oc-2b7">
         <name>.text</name>
         <load_address>0x129c6</load_address>
         <run_address>0x129c6</run_address>
         <size>0x36</size>
         <input_file_ref idref="fl-5d"/>
      </object_component>
      <object_component id="oc-28f">
         <name>.text:GPS_GetData</name>
         <load_address>0x129fc</load_address>
         <run_address>0x129fc</run_address>
         <size>0x34</size>
         <input_file_ref idref="fl-13"/>
      </object_component>
      <object_component id="oc-108">
         <name>.text:SystemInit</name>
         <load_address>0x12a30</load_address>
         <run_address>0x12a30</run_address>
         <size>0x34</size>
         <input_file_ref idref="fl-2"/>
      </object_component>
      <object_component id="oc-23b">
         <name>.text:GPS_GetPosition</name>
         <load_address>0x12a64</load_address>
         <run_address>0x12a64</run_address>
         <size>0x32</size>
         <input_file_ref idref="fl-13"/>
      </object_component>
      <object_component id="oc-2fe">
         <name>.text:__mspabi_subd</name>
         <load_address>0x12a96</load_address>
         <run_address>0x12a96</run_address>
         <size>0x32</size>
         <input_file_ref idref="fl-82"/>
      </object_component>
      <object_component id="oc-180">
         <name>.text:AppUart_init</name>
         <load_address>0x12ac8</load_address>
         <run_address>0x12ac8</run_address>
         <size>0x30</size>
         <input_file_ref idref="fl-5"/>
      </object_component>
      <object_component id="oc-127">
         <name>.text:BT_Println</name>
         <load_address>0x12af8</load_address>
         <run_address>0x12af8</run_address>
         <size>0x2e</size>
         <input_file_ref idref="fl-16"/>
      </object_component>
      <object_component id="oc-26e">
         <name>.text:GPRS_Println</name>
         <load_address>0x12b26</load_address>
         <run_address>0x12b26</run_address>
         <size>0x2e</size>
         <input_file_ref idref="fl-14"/>
      </object_component>
      <object_component id="oc-37b">
         <name>.text:__mspabi_negd</name>
         <load_address>0x12b54</load_address>
         <run_address>0x12b54</run_address>
         <size>0x2e</size>
         <input_file_ref idref="fl-8a"/>
      </object_component>
      <object_component id="oc-2bc">
         <name>.text</name>
         <load_address>0x12b82</load_address>
         <run_address>0x12b82</run_address>
         <size>0x2c</size>
         <input_file_ref idref="fl-51"/>
      </object_component>
      <object_component id="oc-1ab">
         <name>.text:GPRS_GetDevCode</name>
         <load_address>0x12bae</load_address>
         <run_address>0x12bae</run_address>
         <size>0x28</size>
         <input_file_ref idref="fl-14"/>
      </object_component>
      <object_component id="oc-8b">
         <name>.text:decompress:ZI:__TI_zero_init</name>
         <load_address>0x12bd6</load_address>
         <run_address>0x12bd6</run_address>
         <size>0x24</size>
         <input_file_ref idref="fl-4d"/>
      </object_component>
      <object_component id="oc-3b7">
         <name>.text</name>
         <load_address>0x12bfa</load_address>
         <run_address>0x12bfa</run_address>
         <size>0x22</size>
         <input_file_ref idref="fl-7b"/>
      </object_component>
      <object_component id="oc-12d">
         <name>.text:LOCK_Unlock</name>
         <load_address>0x12c1c</load_address>
         <run_address>0x12c1c</run_address>
         <size>0x20</size>
         <input_file_ref idref="fl-12"/>
      </object_component>
      <object_component id="oc-1c3">
         <name>.text:strcat</name>
         <load_address>0x12c3c</load_address>
         <run_address>0x12c3c</run_address>
         <size>0x1e</size>
         <input_file_ref idref="fl-7e"/>
      </object_component>
      <object_component id="oc-1d0">
         <name>.text:GPRS_RebootDev</name>
         <load_address>0x12c5a</load_address>
         <run_address>0x12c5a</run_address>
         <size>0x1c</size>
         <input_file_ref idref="fl-14"/>
      </object_component>
      <object_component id="oc-10e">
         <name>.text:ModulesInit</name>
         <load_address>0x12c76</load_address>
         <run_address>0x12c76</run_address>
         <size>0x1a</size>
         <input_file_ref idref="fl-2"/>
      </object_component>
      <object_component id="oc-323">
         <name>.text</name>
         <load_address>0x12c90</load_address>
         <run_address>0x12c90</run_address>
         <size>0x16</size>
         <input_file_ref idref="fl-52"/>
      </object_component>
      <object_component id="oc-36b">
         <name>.text</name>
         <load_address>0x12ca6</load_address>
         <run_address>0x12ca6</run_address>
         <size>0x16</size>
         <input_file_ref idref="fl-7a"/>
      </object_component>
      <object_component id="oc-d1">
         <name>.text:memcpy</name>
         <load_address>0x12cbc</load_address>
         <run_address>0x12cbc</run_address>
         <size>0x14</size>
         <input_file_ref idref="fl-77"/>
      </object_component>
      <object_component id="oc-85">
         <name>.text:decompress:none:__TI_decompress_none</name>
         <load_address>0x12cd0</load_address>
         <run_address>0x12cd0</run_address>
         <size>0x12</size>
         <input_file_ref idref="fl-4b"/>
      </object_component>
      <object_component id="oc-25d">
         <name>.text:strcpy</name>
         <load_address>0x12ce2</load_address>
         <run_address>0x12ce2</run_address>
         <size>0x12</size>
         <input_file_ref idref="fl-7f"/>
      </object_component>
      <object_component id="oc-fd">
         <name>.text:Buttons_startWDT</name>
         <load_address>0x12cf4</load_address>
         <run_address>0x12cf4</run_address>
         <size>0x10</size>
         <input_file_ref idref="fl-7"/>
      </object_component>
      <object_component id="oc-3a8">
         <name>.text:l_asr</name>
         <load_address>0x12d04</load_address>
         <run_address>0x12d04</run_address>
         <size>0x10</size>
         <input_file_ref idref="fl-86"/>
      </object_component>
      <object_component id="oc-3a3">
         <name>.text:l_lsl</name>
         <load_address>0x12d14</load_address>
         <run_address>0x12d14</run_address>
         <size>0x10</size>
         <input_file_ref idref="fl-74"/>
      </object_component>
      <object_component id="oc-345">
         <name>.text:l_lsr</name>
         <load_address>0x12d24</load_address>
         <run_address>0x12d24</run_address>
         <size>0x10</size>
         <input_file_ref idref="fl-76"/>
      </object_component>
      <object_component id="oc-17a">
         <name>.text:LOCK_InitPort</name>
         <load_address>0x12d34</load_address>
         <run_address>0x12d34</run_address>
         <size>0xe</size>
         <input_file_ref idref="fl-12"/>
      </object_component>
      <object_component id="oc-1fd">
         <name>.text:AppUart_getChar</name>
         <load_address>0x12d42</load_address>
         <run_address>0x12d42</run_address>
         <size>0xc</size>
         <input_file_ref idref="fl-5"/>
      </object_component>
      <object_component id="oc-204">
         <name>.text:AppUart_putChar</name>
         <load_address>0x12d4e</load_address>
         <run_address>0x12d4e</run_address>
         <size>0xc</size>
         <input_file_ref idref="fl-5"/>
      </object_component>
      <object_component id="oc-381">
         <name>.text:abs</name>
         <load_address>0x12d5a</load_address>
         <run_address>0x12d5a</run_address>
         <size>0xa</size>
         <input_file_ref idref="fl-84"/>
      </object_component>
      <object_component id="oc-186">
         <name>.text:GM8125_InitPort</name>
         <load_address>0x12d64</load_address>
         <run_address>0x12d64</run_address>
         <size>0x8</size>
         <input_file_ref idref="fl-15"/>
      </object_component>
      <object_component id="oc-11a">
         <name>.text:GetRequest</name>
         <load_address>0x12d6c</load_address>
         <run_address>0x12d6c</run_address>
         <size>0x8</size>
         <input_file_ref idref="fl-2"/>
      </object_component>
      <object_component id="oc-120">
         <name>.text:SendResponse</name>
         <load_address>0x12d74</load_address>
         <run_address>0x12d74</run_address>
         <size>0x8</size>
         <input_file_ref idref="fl-2"/>
      </object_component>
      <object_component id="oc-193">
         <name>.text:BT_Getchar</name>
         <load_address>0x12d7c</load_address>
         <run_address>0x12d7c</run_address>
         <size>0x6</size>
         <input_file_ref idref="fl-16"/>
      </object_component>
      <object_component id="oc-19f">
         <name>.text:BT_Putchar</name>
         <load_address>0x12d82</load_address>
         <run_address>0x12d82</run_address>
         <size>0x6</size>
         <input_file_ref idref="fl-16"/>
      </object_component>
      <object_component id="oc-275">
         <name>.text:GPRS_GetChar</name>
         <load_address>0x12d88</load_address>
         <run_address>0x12d88</run_address>
         <size>0x6</size>
         <input_file_ref idref="fl-14"/>
      </object_component>
      <object_component id="oc-285">
         <name>.text:GPRS_PutChar</name>
         <load_address>0x12d8e</load_address>
         <run_address>0x12d8e</run_address>
         <size>0x6</size>
         <input_file_ref idref="fl-14"/>
      </object_component>
      <object_component id="oc-20e">
         <name>.text:GPRS_SendATCmd</name>
         <load_address>0x12d94</load_address>
         <run_address>0x12d94</run_address>
         <size>0x6</size>
         <input_file_ref idref="fl-14"/>
      </object_component>
      <object_component id="oc-9b">
         <name>.text:__TI_ISR_TRAP</name>
         <load_address>0x12d9a</load_address>
         <run_address>0x12d9a</run_address>
         <size>0x6</size>
         <input_file_ref idref="fl-72"/>
      </object_component>
      <object_component id="oc-2ec">
         <name>.text:atof</name>
         <load_address>0x12da0</load_address>
         <run_address>0x12da0</run_address>
         <size>0x6</size>
         <input_file_ref idref="fl-47"/>
      </object_component>
      <object_component id="oc-91">
         <name>.text:decompress:rle24:__TI_decompress_rle24</name>
         <load_address>0x12da6</load_address>
         <run_address>0x12da6</run_address>
         <size>0x6</size>
         <input_file_ref idref="fl-4c"/>
      </object_component>
      <object_component id="oc-ac">
         <name>.text:_system_pre_init</name>
         <load_address>0x12dac</load_address>
         <run_address>0x12dac</run_address>
         <size>0x4</size>
         <input_file_ref idref="fl-7c"/>
      </object_component>
      <object_component id="oc-be">
         <name>.text:abort</name>
         <load_address>0x12db0</load_address>
         <run_address>0x12db0</run_address>
         <size>0x4</size>
         <input_file_ref idref="fl-56"/>
      </object_component>
      <object_component id="oc-a6">
         <name>.text:_isr:Port1_ISR</name>
         <load_address>0x4400</load_address>
         <run_address>0x4400</run_address>
         <size>0x3c</size>
         <input_file_ref idref="fl-7"/>
      </object_component>
      <object_component id="oc-a0">
         <name>.text:_isr:Port2_ISR</name>
         <load_address>0x443c</load_address>
         <run_address>0x443c</run_address>
         <size>0x3c</size>
         <input_file_ref idref="fl-7"/>
      </object_component>
      <object_component id="oc-cb">
         <name>.text:_isr:WDT_ISR</name>
         <load_address>0x4478</load_address>
         <run_address>0x4478</run_address>
         <size>0x1a</size>
         <input_file_ref idref="fl-7"/>
      </object_component>
      <object_component id="oc-72">
         <name>.text:_isr:_c_int00_noexit</name>
         <load_address>0x4492</load_address>
         <run_address>0x4492</run_address>
         <size>0x1a</size>
         <input_file_ref idref="fl-49"/>
      </object_component>
      <object_component id="oc-c5">
         <name>.text:_isr:ADC12_ISR</name>
         <load_address>0x44ac</load_address>
         <run_address>0x44ac</run_address>
         <size>0x16</size>
         <input_file_ref idref="fl-c"/>
      </object_component>
      <object_component id="oc-458">
         <name>.cinit..data.load</name>
         <load_address>0x484a</load_address>
         <run_address>0x484a</run_address>
         <size>0x13</size>
      </object_component>
      <object_component id="oc-455">
         <name>__TI_handler_table</name>
         <load_address>0x485e</load_address>
         <run_address>0x485e</run_address>
         <size>0xc</size>
      </object_component>
      <object_component id="oc-457">
         <name>.cinit..bss.load</name>
         <load_address>0x486a</load_address>
         <run_address>0x486a</run_address>
         <size>0x6</size>
      </object_component>
      <object_component id="oc-456">
         <name>__TI_cinit_table</name>
         <load_address>0x4870</load_address>
         <run_address>0x4870</run_address>
         <size>0x10</size>
      </object_component>
      <object_component id="oc-20d">
         <name>.const:.string</name>
         <load_address>0x44c2</load_address>
         <run_address>0x44c2</run_address>
         <size>0x152</size>
         <input_file_ref idref="fl-14"/>
      </object_component>
      <object_component id="oc-370">
         <name>.const:.string:_ctypes_</name>
         <load_address>0x4614</load_address>
         <run_address>0x4614</run_address>
         <size>0x101</size>
         <input_file_ref idref="fl-4e"/>
      </object_component>
      <object_component id="oc-393">
         <name>.const:digits</name>
         <load_address>0x4716</load_address>
         <run_address>0x4716</run_address>
         <size>0x50</size>
         <input_file_ref idref="fl-81"/>
      </object_component>
      <object_component id="oc-387">
         <name>.const:powerof10</name>
         <load_address>0x4766</load_address>
         <run_address>0x4766</run_address>
         <size>0x48</size>
         <input_file_ref idref="fl-81"/>
      </object_component>
      <object_component id="oc-228">
         <name>.const:.string:$P$T0$1</name>
         <load_address>0x47ae</load_address>
         <run_address>0x47ae</run_address>
         <size>0x20</size>
         <input_file_ref idref="fl-14"/>
      </object_component>
      <object_component id="oc-22b">
         <name>.const:.string:$P$T1$2</name>
         <load_address>0x47ce</load_address>
         <run_address>0x47ce</run_address>
         <size>0x20</size>
         <input_file_ref idref="fl-14"/>
      </object_component>
      <object_component id="oc-257">
         <name>.const:.string:$P$T2$3</name>
         <load_address>0x47ee</load_address>
         <run_address>0x47ee</run_address>
         <size>0x20</size>
         <input_file_ref idref="fl-14"/>
      </object_component>
      <object_component id="oc-126">
         <name>.const:.string</name>
         <load_address>0x480e</load_address>
         <run_address>0x480e</run_address>
         <size>0x1e</size>
         <input_file_ref idref="fl-4"/>
      </object_component>
      <object_component id="oc-25a">
         <name>.const:.string:$P$T3$4</name>
         <load_address>0x482c</load_address>
         <run_address>0x482c</run_address>
         <size>0x10</size>
         <input_file_ref idref="fl-14"/>
      </object_component>
      <object_component id="oc-24d">
         <name>.const:.string</name>
         <load_address>0x483c</load_address>
         <run_address>0x483c</run_address>
         <size>0xa</size>
         <input_file_ref idref="fl-13"/>
      </object_component>
      <object_component id="oc-1c9">
         <name>.const:.string</name>
         <load_address>0x4846</load_address>
         <run_address>0x4846</run_address>
         <size>0x4</size>
         <input_file_ref idref="fl-2"/>
      </object_component>
      <object_component id="oc-69">
         <name>.int41</name>
         <load_address>0xffd2</load_address>
         <run_address>0xffd2</run_address>
         <size>0x2</size>
         <input_file_ref idref="fl-60"/>
      </object_component>
      <object_component id="oc-6a">
         <name>.int42</name>
         <load_address>0xffd4</load_address>
         <run_address>0xffd4</run_address>
         <size>0x2</size>
         <input_file_ref idref="fl-7"/>
      </object_component>
      <object_component id="oc-6b">
         <name>.int43</name>
         <load_address>0xffd6</load_address>
         <run_address>0xffd6</run_address>
         <size>0x2</size>
         <input_file_ref idref="fl-61"/>
      </object_component>
      <object_component id="oc-6c">
         <name>.int44</name>
         <load_address>0xffd8</load_address>
         <run_address>0xffd8</run_address>
         <size>0x2</size>
         <input_file_ref idref="fl-62"/>
      </object_component>
      <object_component id="oc-6d">
         <name>.int45</name>
         <load_address>0xffda</load_address>
         <run_address>0xffda</run_address>
         <size>0x2</size>
         <input_file_ref idref="fl-63"/>
      </object_component>
      <object_component id="oc-6e">
         <name>.int46</name>
         <load_address>0xffdc</load_address>
         <run_address>0xffdc</run_address>
         <size>0x2</size>
         <input_file_ref idref="fl-64"/>
      </object_component>
      <object_component id="oc-6f">
         <name>.int47</name>
         <load_address>0xffde</load_address>
         <run_address>0xffde</run_address>
         <size>0x2</size>
         <input_file_ref idref="fl-7"/>
      </object_component>
      <object_component id="oc-70">
         <name>.int48</name>
         <load_address>0xffe0</load_address>
         <run_address>0xffe0</run_address>
         <size>0x2</size>
         <input_file_ref idref="fl-65"/>
      </object_component>
      <object_component id="oc-71">
         <name>.int49</name>
         <load_address>0xffe2</load_address>
         <run_address>0xffe2</run_address>
         <size>0x2</size>
         <input_file_ref idref="fl-66"/>
      </object_component>
      <object_component id="oc-78">
         <name>.int50</name>
         <load_address>0xffe4</load_address>
         <run_address>0xffe4</run_address>
         <size>0x2</size>
         <input_file_ref idref="fl-67"/>
      </object_component>
      <object_component id="oc-79">
         <name>.int51</name>
         <load_address>0xffe6</load_address>
         <run_address>0xffe6</run_address>
         <size>0x2</size>
         <input_file_ref idref="fl-68"/>
      </object_component>
      <object_component id="oc-7a">
         <name>.int52</name>
         <load_address>0xffe8</load_address>
         <run_address>0xffe8</run_address>
         <size>0x2</size>
         <input_file_ref idref="fl-69"/>
      </object_component>
      <object_component id="oc-7b">
         <name>.int53</name>
         <load_address>0xffea</load_address>
         <run_address>0xffea</run_address>
         <size>0x2</size>
         <input_file_ref idref="fl-6a"/>
      </object_component>
      <object_component id="oc-7c">
         <name>.int54</name>
         <load_address>0xffec</load_address>
         <run_address>0xffec</run_address>
         <size>0x2</size>
         <input_file_ref idref="fl-c"/>
      </object_component>
      <object_component id="oc-7d">
         <name>.int55</name>
         <load_address>0xffee</load_address>
         <run_address>0xffee</run_address>
         <size>0x2</size>
         <input_file_ref idref="fl-6b"/>
      </object_component>
      <object_component id="oc-7e">
         <name>.int56</name>
         <load_address>0xfff0</load_address>
         <run_address>0xfff0</run_address>
         <size>0x2</size>
         <input_file_ref idref="fl-6c"/>
      </object_component>
      <object_component id="oc-7f">
         <name>.int57</name>
         <load_address>0xfff2</load_address>
         <run_address>0xfff2</run_address>
         <size>0x2</size>
         <input_file_ref idref="fl-7"/>
      </object_component>
      <object_component id="oc-80">
         <name>.int58</name>
         <load_address>0xfff4</load_address>
         <run_address>0xfff4</run_address>
         <size>0x2</size>
         <input_file_ref idref="fl-6d"/>
      </object_component>
      <object_component id="oc-81">
         <name>.int59</name>
         <load_address>0xfff6</load_address>
         <run_address>0xfff6</run_address>
         <size>0x2</size>
         <input_file_ref idref="fl-6e"/>
      </object_component>
      <object_component id="oc-82">
         <name>.int60</name>
         <load_address>0xfff8</load_address>
         <run_address>0xfff8</run_address>
         <size>0x2</size>
         <input_file_ref idref="fl-6f"/>
      </object_component>
      <object_component id="oc-83">
         <name>.int61</name>
         <load_address>0xfffa</load_address>
         <run_address>0xfffa</run_address>
         <size>0x2</size>
         <input_file_ref idref="fl-70"/>
      </object_component>
      <object_component id="oc-84">
         <name>.int62</name>
         <load_address>0xfffc</load_address>
         <run_address>0xfffc</run_address>
         <size>0x2</size>
         <input_file_ref idref="fl-71"/>
      </object_component>
      <object_component id="oc-9a">
         <name>.reset</name>
         <load_address>0xfffe</load_address>
         <run_address>0xfffe</run_address>
         <size>0x2</size>
         <input_file_ref idref="fl-49"/>
      </object_component>
      <object_component id="oc-13e">
         <name>.common:positionData</name>
         <uninitialized>true</uninitialized>
         <run_address>0x260a</run_address>
         <size>0x2</size>
      </object_component>
      <object_component id="oc-fa">
         <name>.data</name>
         <load_address>0x2602</load_address>
         <run_address>0x2602</run_address>
         <size>0x4</size>
         <input_file_ref idref="fl-7"/>
      </object_component>
      <object_component id="oc-133">
         <name>.data</name>
         <load_address>0x2606</load_address>
         <run_address>0x2606</run_address>
         <size>0x2</size>
         <input_file_ref idref="fl-4"/>
      </object_component>
      <object_component id="oc-28c">
         <name>.data:GPS_Buf</name>
         <load_address>0x2400</load_address>
         <run_address>0x2400</run_address>
         <size>0x201</size>
         <input_file_ref idref="fl-13"/>
      </object_component>
      <object_component id="oc-390">
         <name>.data</name>
         <load_address>0x2608</load_address>
         <run_address>0x2608</run_address>
         <size>0x2</size>
         <input_file_ref idref="fl-88"/>
      </object_component>
      <object_component id="oc-73">
         <name>.debug_info</name>
         <load_address>0x0</load_address>
         <run_address>0x0</run_address>
         <size>0x125</size>
         <input_file_ref idref="fl-49"/>
      </object_component>
      <object_component id="oc-86">
         <name>.debug_info</name>
         <load_address>0x125</load_address>
         <run_address>0x125</run_address>
         <size>0x194</size>
         <input_file_ref idref="fl-4b"/>
      </object_component>
      <object_component id="oc-8c">
         <name>.debug_info</name>
         <load_address>0x2b9</load_address>
         <run_address>0x2b9</run_address>
         <size>0x16f</size>
         <input_file_ref idref="fl-4d"/>
      </object_component>
      <object_component id="oc-95">
         <name>.debug_info</name>
         <load_address>0x428</load_address>
         <run_address>0x428</run_address>
         <size>0x18e</size>
         <input_file_ref idref="fl-4c"/>
      </object_component>
      <object_component id="oc-98">
         <name>.debug_info</name>
         <load_address>0x5b6</load_address>
         <run_address>0x5b6</run_address>
         <size>0xaa</size>
         <input_file_ref idref="fl-49"/>
      </object_component>
      <object_component id="oc-9c">
         <name>.debug_info</name>
         <load_address>0x660</load_address>
         <run_address>0x660</run_address>
         <size>0xc2</size>
         <input_file_ref idref="fl-72"/>
      </object_component>
      <object_component id="oc-a2">
         <name>.debug_info</name>
         <load_address>0x722</load_address>
         <run_address>0x722</run_address>
         <size>0x153</size>
         <input_file_ref idref="fl-7"/>
      </object_component>
      <object_component id="oc-a7">
         <name>.debug_info</name>
         <load_address>0x875</load_address>
         <run_address>0x875</run_address>
         <size>0x154</size>
         <input_file_ref idref="fl-7"/>
      </object_component>
      <object_component id="oc-ad">
         <name>.debug_info</name>
         <load_address>0x9c9</load_address>
         <run_address>0x9c9</run_address>
         <size>0xfd</size>
         <input_file_ref idref="fl-7c"/>
      </object_component>
      <object_component id="oc-b3">
         <name>.debug_info</name>
         <load_address>0xac6</load_address>
         <run_address>0xac6</run_address>
         <size>0x1a0</size>
         <input_file_ref idref="fl-87"/>
      </object_component>
      <object_component id="oc-b9">
         <name>.debug_info</name>
         <load_address>0xc66</load_address>
         <run_address>0xc66</run_address>
         <size>0x1d3</size>
         <input_file_ref idref="fl-4"/>
      </object_component>
      <object_component id="oc-bf">
         <name>.debug_info</name>
         <load_address>0xe39</load_address>
         <run_address>0xe39</run_address>
         <size>0xcc</size>
         <input_file_ref idref="fl-56"/>
      </object_component>
      <object_component id="oc-c8">
         <name>.debug_info</name>
         <load_address>0xf05</load_address>
         <run_address>0xf05</run_address>
         <size>0x136</size>
         <input_file_ref idref="fl-c"/>
      </object_component>
      <object_component id="oc-cd">
         <name>.debug_info</name>
         <load_address>0x103b</load_address>
         <run_address>0x103b</run_address>
         <size>0x138</size>
         <input_file_ref idref="fl-7"/>
      </object_component>
      <object_component id="oc-d2">
         <name>.debug_info</name>
         <load_address>0x1173</load_address>
         <run_address>0x1173</run_address>
         <size>0x157</size>
         <input_file_ref idref="fl-77"/>
      </object_component>
      <object_component id="oc-d8">
         <name>.debug_info</name>
         <load_address>0x12ca</load_address>
         <run_address>0x12ca</run_address>
         <size>0x46</size>
         <input_file_ref idref="fl-4b"/>
      </object_component>
      <object_component id="oc-dd">
         <name>.debug_info</name>
         <load_address>0x1310</load_address>
         <run_address>0x1310</run_address>
         <size>0x17b</size>
         <input_file_ref idref="fl-4b"/>
      </object_component>
      <object_component id="oc-df">
         <name>.debug_info</name>
         <load_address>0x148b</load_address>
         <run_address>0x148b</run_address>
         <size>0x46</size>
         <input_file_ref idref="fl-4d"/>
      </object_component>
      <object_component id="oc-e4">
         <name>.debug_info</name>
         <load_address>0x14d1</load_address>
         <run_address>0x14d1</run_address>
         <size>0x129</size>
         <input_file_ref idref="fl-4d"/>
      </object_component>
      <object_component id="oc-e9">
         <name>.debug_info</name>
         <load_address>0x15fa</load_address>
         <run_address>0x15fa</run_address>
         <size>0x1ef</size>
         <input_file_ref idref="fl-4c"/>
      </object_component>
      <object_component id="oc-ec">
         <name>.debug_info</name>
         <load_address>0x17e9</load_address>
         <run_address>0x17e9</run_address>
         <size>0x138</size>
         <input_file_ref idref="fl-4c"/>
      </object_component>
      <object_component id="oc-ed">
         <name>.debug_info</name>
         <load_address>0x1921</load_address>
         <run_address>0x1921</run_address>
         <size>0x39</size>
         <input_file_ref idref="fl-4c"/>
      </object_component>
      <object_component id="oc-f4">
         <name>.debug_info</name>
         <load_address>0x195a</load_address>
         <run_address>0x195a</run_address>
         <size>0x84</size>
         <input_file_ref idref="fl-2"/>
      </object_component>
      <object_component id="oc-fb">
         <name>.debug_info</name>
         <load_address>0x19de</load_address>
         <run_address>0x19de</run_address>
         <size>0x112</size>
         <input_file_ref idref="fl-7"/>
      </object_component>
      <object_component id="oc-fe">
         <name>.debug_info</name>
         <load_address>0x1af0</load_address>
         <run_address>0x1af0</run_address>
         <size>0x149</size>
         <input_file_ref idref="fl-7"/>
      </object_component>
      <object_component id="oc-107">
         <name>.debug_info</name>
         <load_address>0x1c39</load_address>
         <run_address>0x1c39</run_address>
         <size>0x2d8</size>
         <input_file_ref idref="fl-87"/>
      </object_component>
      <object_component id="oc-109">
         <name>.debug_info</name>
         <load_address>0x1f11</load_address>
         <run_address>0x1f11</run_address>
         <size>0x130</size>
         <input_file_ref idref="fl-2"/>
      </object_component>
      <object_component id="oc-110">
         <name>.debug_info</name>
         <load_address>0x2041</load_address>
         <run_address>0x2041</run_address>
         <size>0x161</size>
         <input_file_ref idref="fl-2"/>
      </object_component>
      <object_component id="oc-115">
         <name>.debug_info</name>
         <load_address>0x21a2</load_address>
         <run_address>0x21a2</run_address>
         <size>0x14a</size>
         <input_file_ref idref="fl-15"/>
      </object_component>
      <object_component id="oc-11b">
         <name>.debug_info</name>
         <load_address>0x22ec</load_address>
         <run_address>0x22ec</run_address>
         <size>0xfe</size>
         <input_file_ref idref="fl-2"/>
      </object_component>
      <object_component id="oc-121">
         <name>.debug_info</name>
         <load_address>0x23ea</load_address>
         <run_address>0x23ea</run_address>
         <size>0x11c</size>
         <input_file_ref idref="fl-2"/>
      </object_component>
      <object_component id="oc-128">
         <name>.debug_info</name>
         <load_address>0x2506</load_address>
         <run_address>0x2506</run_address>
         <size>0x182</size>
         <input_file_ref idref="fl-16"/>
      </object_component>
      <object_component id="oc-12e">
         <name>.debug_info</name>
         <load_address>0x2688</load_address>
         <run_address>0x2688</run_address>
         <size>0x12b</size>
         <input_file_ref idref="fl-12"/>
      </object_component>
      <object_component id="oc-134">
         <name>.debug_info</name>
         <load_address>0x27b3</load_address>
         <run_address>0x27b3</run_address>
         <size>0xc4</size>
         <input_file_ref idref="fl-4"/>
      </object_component>
      <object_component id="oc-138">
         <name>.debug_info</name>
         <load_address>0x2877</load_address>
         <run_address>0x2877</run_address>
         <size>0x23d</size>
         <input_file_ref idref="fl-2"/>
      </object_component>
      <object_component id="oc-13f">
         <name>.debug_info</name>
         <load_address>0x2ab4</load_address>
         <run_address>0x2ab4</run_address>
         <size>0x351</size>
         <input_file_ref idref="fl-c"/>
      </object_component>
      <object_component id="oc-144">
         <name>.debug_info</name>
         <load_address>0x2e05</load_address>
         <run_address>0x2e05</run_address>
         <size>0x13b</size>
         <input_file_ref idref="fl-77"/>
      </object_component>
      <object_component id="oc-145">
         <name>.debug_info</name>
         <load_address>0x2f40</load_address>
         <run_address>0x2f40</run_address>
         <size>0x2c</size>
         <input_file_ref idref="fl-77"/>
      </object_component>
      <object_component id="oc-14c">
         <name>.debug_info</name>
         <load_address>0x2f6c</load_address>
         <run_address>0x2f6c</run_address>
         <size>0x2c</size>
         <input_file_ref idref="fl-4b"/>
      </object_component>
      <object_component id="oc-158">
         <name>.debug_info</name>
         <load_address>0x2f98</load_address>
         <run_address>0x2f98</run_address>
         <size>0x2d0</size>
         <input_file_ref idref="fl-7"/>
      </object_component>
      <object_component id="oc-15c">
         <name>.debug_info</name>
         <load_address>0x3268</load_address>
         <run_address>0x3268</run_address>
         <size>0x39</size>
         <input_file_ref idref="fl-87"/>
      </object_component>
      <object_component id="oc-163">
         <name>.debug_info</name>
         <load_address>0x32a1</load_address>
         <run_address>0x32a1</run_address>
         <size>0x137</size>
         <input_file_ref idref="fl-6"/>
      </object_component>
      <object_component id="oc-168">
         <name>.debug_info</name>
         <load_address>0x33d8</load_address>
         <run_address>0x33d8</run_address>
         <size>0x1a7</size>
         <input_file_ref idref="fl-f"/>
      </object_component>
      <object_component id="oc-16f">
         <name>.debug_info</name>
         <load_address>0x357f</load_address>
         <run_address>0x357f</run_address>
         <size>0x145</size>
         <input_file_ref idref="fl-11"/>
      </object_component>
      <object_component id="oc-175">
         <name>.debug_info</name>
         <load_address>0x36c4</load_address>
         <run_address>0x36c4</run_address>
         <size>0x190</size>
         <input_file_ref idref="fl-11"/>
      </object_component>
      <object_component id="oc-17b">
         <name>.debug_info</name>
         <load_address>0x3854</load_address>
         <run_address>0x3854</run_address>
         <size>0x119</size>
         <input_file_ref idref="fl-12"/>
      </object_component>
      <object_component id="oc-181">
         <name>.debug_info</name>
         <load_address>0x396d</load_address>
         <run_address>0x396d</run_address>
         <size>0x141</size>
         <input_file_ref idref="fl-5"/>
      </object_component>
      <object_component id="oc-187">
         <name>.debug_info</name>
         <load_address>0x3aae</load_address>
         <run_address>0x3aae</run_address>
         <size>0x129</size>
         <input_file_ref idref="fl-15"/>
      </object_component>
      <object_component id="oc-18e">
         <name>.debug_info</name>
         <load_address>0x3bd7</load_address>
         <run_address>0x3bd7</run_address>
         <size>0x63</size>
         <input_file_ref idref="fl-2"/>
      </object_component>
      <object_component id="oc-194">
         <name>.debug_info</name>
         <load_address>0x3c3a</load_address>
         <run_address>0x3c3a</run_address>
         <size>0x14b</size>
         <input_file_ref idref="fl-16"/>
      </object_component>
      <object_component id="oc-19a">
         <name>.debug_info</name>
         <load_address>0x3d85</load_address>
         <run_address>0x3d85</run_address>
         <size>0x83</size>
         <input_file_ref idref="fl-2"/>
      </object_component>
      <object_component id="oc-1a0">
         <name>.debug_info</name>
         <load_address>0x3e08</load_address>
         <run_address>0x3e08</run_address>
         <size>0x154</size>
         <input_file_ref idref="fl-16"/>
      </object_component>
      <object_component id="oc-1a7">
         <name>.debug_info</name>
         <load_address>0x3f5c</load_address>
         <run_address>0x3f5c</run_address>
         <size>0x1e9</size>
         <input_file_ref idref="fl-16"/>
      </object_component>
      <object_component id="oc-1ac">
         <name>.debug_info</name>
         <load_address>0x4145</load_address>
         <run_address>0x4145</run_address>
         <size>0x1b4</size>
         <input_file_ref idref="fl-14"/>
      </object_component>
      <object_component id="oc-1b2">
         <name>.debug_info</name>
         <load_address>0x42f9</load_address>
         <run_address>0x42f9</run_address>
         <size>0x225</size>
         <input_file_ref idref="fl-14"/>
      </object_component>
      <object_component id="oc-1b8">
         <name>.debug_info</name>
         <load_address>0x451e</load_address>
         <run_address>0x451e</run_address>
         <size>0x2e3</size>
         <input_file_ref idref="fl-14"/>
      </object_component>
      <object_component id="oc-1bf">
         <name>.debug_info</name>
         <load_address>0x4801</load_address>
         <run_address>0x4801</run_address>
         <size>0x1fd</size>
         <input_file_ref idref="fl-13"/>
      </object_component>
      <object_component id="oc-1c4">
         <name>.debug_info</name>
         <load_address>0x49fe</load_address>
         <run_address>0x49fe</run_address>
         <size>0x189</size>
         <input_file_ref idref="fl-7e"/>
      </object_component>
      <object_component id="oc-1cb">
         <name>.debug_info</name>
         <load_address>0x4b87</load_address>
         <run_address>0x4b87</run_address>
         <size>0x28d</size>
         <input_file_ref idref="fl-14"/>
      </object_component>
      <object_component id="oc-1d1">
         <name>.debug_info</name>
         <load_address>0x4e14</load_address>
         <run_address>0x4e14</run_address>
         <size>0x156</size>
         <input_file_ref idref="fl-14"/>
      </object_component>
      <object_component id="oc-1d7">
         <name>.debug_info</name>
         <load_address>0x4f6a</load_address>
         <run_address>0x4f6a</run_address>
         <size>0x535</size>
         <input_file_ref idref="fl-2"/>
      </object_component>
      <object_component id="oc-1da">
         <name>.debug_info</name>
         <load_address>0x549f</load_address>
         <run_address>0x549f</run_address>
         <size>0x18b</size>
         <input_file_ref idref="fl-2"/>
      </object_component>
      <object_component id="oc-1e7">
         <name>.debug_info</name>
         <load_address>0x562a</load_address>
         <run_address>0x562a</run_address>
         <size>0x1c8</size>
         <input_file_ref idref="fl-f"/>
      </object_component>
      <object_component id="oc-1ec">
         <name>.debug_info</name>
         <load_address>0x57f2</load_address>
         <run_address>0x57f2</run_address>
         <size>0x1cc</size>
         <input_file_ref idref="fl-f"/>
      </object_component>
      <object_component id="oc-1f4">
         <name>.debug_info</name>
         <load_address>0x59be</load_address>
         <run_address>0x59be</run_address>
         <size>0x1d0</size>
         <input_file_ref idref="fl-11"/>
      </object_component>
      <object_component id="oc-1f9">
         <name>.debug_info</name>
         <load_address>0x5b8e</load_address>
         <run_address>0x5b8e</run_address>
         <size>0x2ed</size>
         <input_file_ref idref="fl-11"/>
      </object_component>
      <object_component id="oc-1fe">
         <name>.debug_info</name>
         <load_address>0x5e7b</load_address>
         <run_address>0x5e7b</run_address>
         <size>0x16a</size>
         <input_file_ref idref="fl-5"/>
      </object_component>
      <object_component id="oc-205">
         <name>.debug_info</name>
         <load_address>0x5fe5</load_address>
         <run_address>0x5fe5</run_address>
         <size>0x189</size>
         <input_file_ref idref="fl-5"/>
      </object_component>
      <object_component id="oc-20f">
         <name>.debug_info</name>
         <load_address>0x616e</load_address>
         <run_address>0x616e</run_address>
         <size>0x13c</size>
         <input_file_ref idref="fl-14"/>
      </object_component>
      <object_component id="oc-215">
         <name>.debug_info</name>
         <load_address>0x62aa</load_address>
         <run_address>0x62aa</run_address>
         <size>0x18a</size>
         <input_file_ref idref="fl-14"/>
      </object_component>
      <object_component id="oc-21b">
         <name>.debug_info</name>
         <load_address>0x6434</load_address>
         <run_address>0x6434</run_address>
         <size>0x186</size>
         <input_file_ref idref="fl-14"/>
      </object_component>
      <object_component id="oc-221">
         <name>.debug_info</name>
         <load_address>0x65ba</load_address>
         <run_address>0x65ba</run_address>
         <size>0x74</size>
         <input_file_ref idref="fl-2"/>
      </object_component>
      <object_component id="oc-226">
         <name>.debug_info</name>
         <load_address>0x662e</load_address>
         <run_address>0x662e</run_address>
         <size>0x2b0</size>
         <input_file_ref idref="fl-14"/>
      </object_component>
      <object_component id="oc-229">
         <name>.debug_info</name>
         <load_address>0x68de</load_address>
         <run_address>0x68de</run_address>
         <size>0xc8</size>
         <input_file_ref idref="fl-14"/>
      </object_component>
      <object_component id="oc-22c">
         <name>.debug_info</name>
         <load_address>0x69a6</load_address>
         <run_address>0x69a6</run_address>
         <size>0xc8</size>
         <input_file_ref idref="fl-14"/>
      </object_component>
      <object_component id="oc-231">
         <name>.debug_info</name>
         <load_address>0x6a6e</load_address>
         <run_address>0x6a6e</run_address>
         <size>0x16c</size>
         <input_file_ref idref="fl-80"/>
      </object_component>
      <object_component id="oc-235">
         <name>.debug_info</name>
         <load_address>0x6bda</load_address>
         <run_address>0x6bda</run_address>
         <size>0x1af</size>
         <input_file_ref idref="fl-14"/>
      </object_component>
      <object_component id="oc-23c">
         <name>.debug_info</name>
         <load_address>0x6d89</load_address>
         <run_address>0x6d89</run_address>
         <size>0x162</size>
         <input_file_ref idref="fl-13"/>
      </object_component>
      <object_component id="oc-242">
         <name>.debug_info</name>
         <load_address>0x6eeb</load_address>
         <run_address>0x6eeb</run_address>
         <size>0x181</size>
         <input_file_ref idref="fl-4f"/>
      </object_component>
      <object_component id="oc-248">
         <name>.debug_info</name>
         <load_address>0x706c</load_address>
         <run_address>0x706c</run_address>
         <size>0x305</size>
         <input_file_ref idref="fl-3"/>
      </object_component>
      <object_component id="oc-24f">
         <name>.debug_info</name>
         <load_address>0x7371</load_address>
         <run_address>0x7371</run_address>
         <size>0x291</size>
         <input_file_ref idref="fl-13"/>
      </object_component>
      <object_component id="oc-250">
         <name>.debug_info</name>
         <load_address>0x7602</load_address>
         <run_address>0x7602</run_address>
         <size>0x86</size>
         <input_file_ref idref="fl-2"/>
      </object_component>
      <object_component id="oc-256">
         <name>.debug_info</name>
         <load_address>0x7688</load_address>
         <run_address>0x7688</run_address>
         <size>0x12b</size>
         <input_file_ref idref="fl-7e"/>
      </object_component>
      <object_component id="oc-258">
         <name>.debug_info</name>
         <load_address>0x77b3</load_address>
         <run_address>0x77b3</run_address>
         <size>0xc9</size>
         <input_file_ref idref="fl-14"/>
      </object_component>
      <object_component id="oc-25b">
         <name>.debug_info</name>
         <load_address>0x787c</load_address>
         <run_address>0x787c</run_address>
         <size>0xc9</size>
         <input_file_ref idref="fl-14"/>
      </object_component>
      <object_component id="oc-25e">
         <name>.debug_info</name>
         <load_address>0x7945</load_address>
         <run_address>0x7945</run_address>
         <size>0x169</size>
         <input_file_ref idref="fl-7f"/>
      </object_component>
      <object_component id="oc-26f">
         <name>.debug_info</name>
         <load_address>0x7aae</load_address>
         <run_address>0x7aae</run_address>
         <size>0x16d</size>
         <input_file_ref idref="fl-14"/>
      </object_component>
      <object_component id="oc-276">
         <name>.debug_info</name>
         <load_address>0x7c1b</load_address>
         <run_address>0x7c1b</run_address>
         <size>0x130</size>
         <input_file_ref idref="fl-14"/>
      </object_component>
      <object_component id="oc-284">
         <name>.debug_info</name>
         <load_address>0x7d4b</load_address>
         <run_address>0x7d4b</run_address>
         <size>0x121</size>
         <input_file_ref idref="fl-80"/>
      </object_component>
      <object_component id="oc-286">
         <name>.debug_info</name>
         <load_address>0x7e6c</load_address>
         <run_address>0x7e6c</run_address>
         <size>0x139</size>
         <input_file_ref idref="fl-14"/>
      </object_component>
      <object_component id="oc-28d">
         <name>.debug_info</name>
         <load_address>0x7fa5</load_address>
         <run_address>0x7fa5</run_address>
         <size>0xc6</size>
         <input_file_ref idref="fl-13"/>
      </object_component>
      <object_component id="oc-292">
         <name>.debug_info</name>
[...]
         <name>BT_Putchar</name>
         <value>0x12d82</value>
         <object_component_ref idref="oc-19f"/>
      </symbol>
      <symbol id="sm-5e8">
         <name>BT_Println</name>
         <value>0x12af8</value>
         <object_component_ref idref="oc-127"/>
      </symbol>
      <symbol id="sm-5e9">
         <name>BT_Getchar</name>
         <value>0x12d7c</value>
         <object_component_ref idref="oc-193"/>
      </symbol>
      <symbol id="sm-610">
         <name>__mspabi_addd</name>
         <value>0x10a2a</value>
         <object_component_ref idref="oc-309"/>
      </symbol>
      <symbol id="sm-61d">
         <name>atof</name>
         <value>0x12da0</value>
         <object_component_ref idref="oc-2ec"/>
      </symbol>
      <symbol id="sm-630">
         <name>atoi</name>
         <value>0x125b0</value>
         <object_component_ref idref="oc-315"/>
      </symbol>
      <symbol id="sm-640">
         <name>_c_int00_noexit</name>
         <value>0x4492</value>
         <object_component_ref idref="oc-72"/>
      </symbol>
      <symbol id="sm-641">
         <name>_c_int00</name>
         <value>0x4492</value>
         <object_component_ref idref="oc-72"/>
      </symbol>
      <symbol id="sm-642">
         <name>_stack</name>
         <value>0x4360</value>
         <object_component_ref idref="oc-97"/>
      </symbol>
      <symbol id="sm-643">
         <name>_reset_vector</name>
         <value>0xfffe</value>
         <object_component_ref idref="oc-9a"/>
      </symbol>
      <symbol id="sm-660">
         <name>__mspabi_cmpd</name>
         <value>0x11c44</value>
         <object_component_ref idref="oc-2cc"/>
      </symbol>
      <symbol id="sm-676">
         <name>__TI_decompress_none</name>
         <value>0x12cd0</value>
         <object_component_ref idref="oc-85"/>
      </symbol>
      <symbol id="sm-698">
         <name>__TI_decompress_rle24</name>
         <value>0x12da6</value>
         <object_component_ref idref="oc-91"/>
      </symbol>
      <symbol id="sm-6ab">
         <name>__TI_zero_init</name>
         <value>0x12bd6</value>
         <object_component_ref idref="oc-8b"/>
      </symbol>
      <symbol id="sm-6b5">
         <name>_ctypes_</name>
         <value>0x4614</value>
         <object_component_ref idref="oc-370"/>
      </symbol>
      <symbol id="sm-6cd">
         <name>__mspabi_cvtdf</name>
         <value>0x1213a</value>
         <object_component_ref idref="oc-241"/>
      </symbol>
      <symbol id="sm-6de">
         <name>__mspabi_cvtfd</name>
         <value>0x124ea</value>
         <object_component_ref idref="oc-2c6"/>
      </symbol>
      <symbol id="sm-6ea">
         <name>__mspabi_remi</name>
         <value>0x12b82</value>
         <object_component_ref idref="oc-2bc"/>
      </symbol>
      <symbol id="sm-6eb">
         <name>__mspabi_divi</name>
         <value>0x12b82</value>
         <object_component_ref idref="oc-2bc"/>
      </symbol>
      <symbol id="sm-6f5">
         <name>__mspabi_remu</name>
         <value>0x12c90</value>
         <object_component_ref idref="oc-323"/>
      </symbol>
      <symbol id="sm-6f6">
         <name>__mspabi_divu</name>
         <value>0x12c90</value>
         <object_component_ref idref="oc-323"/>
      </symbol>
      <symbol id="sm-702">
         <name>__mspabi_remli</name>
         <value>0x127ee</value>
         <object_component_ref idref="oc-304"/>
      </symbol>
      <symbol id="sm-703">
         <name>__mspabi_divli</name>
         <value>0x127ee</value>
         <object_component_ref idref="oc-304"/>
      </symbol>
      <symbol id="sm-711">
         <name>__mspabi_remul</name>
         <value>0x126cc</value>
         <object_component_ref idref="oc-355"/>
      </symbol>
      <symbol id="sm-712">
         <name>__mspabi_divul</name>
         <value>0x126cc</value>
         <object_component_ref idref="oc-355"/>
      </symbol>
      <symbol id="sm-733">
         <name>__mspabi_divd</name>
         <value>0x111d6</value>
         <object_component_ref idref="oc-30f"/>
      </symbol>
      <symbol id="sm-73d">
         <name>C$$EXIT</name>
         <value>0x12db0</value>
         <object_component_ref idref="oc-be"/>
      </symbol>
      <symbol id="sm-73e">
         <name>abort</name>
         <value>0x12db0</value>
         <object_component_ref idref="oc-be"/>
      </symbol>
      <symbol id="sm-750">
         <name>__mspabi_fixdli</name>
         <value>0x12484</value>
         <object_component_ref idref="oc-2f2"/>
      </symbol>
      <symbol id="sm-768">
         <name>__mspabi_fltlid</name>
         <value>0x120a6</value>
         <object_component_ref idref="oc-2f8"/>
      </symbol>
      <symbol id="sm-789">
         <name>__TI_frcaddd</name>
         <value>0x10f84</value>
         <object_component_ref idref="oc-35b"/>
      </symbol>
      <symbol id="sm-7a4">
         <name>__TI_frcdivd</name>
         <value>0x10000</value>
         <object_component_ref idref="oc-363"/>
      </symbol>
      <symbol id="sm-7bf">
         <name>__mspabi_subf</name>
         <value>0x11864</value>
         <object_component_ref idref="oc-2ad"/>
      </symbol>
      <symbol id="sm-7c0">
         <name>__mspabi_addf</name>
         <value>0x1186a</value>
         <object_component_ref idref="oc-2ad"/>
      </symbol>
      <symbol id="sm-7d0">
         <name>__mspabi_cmpf</name>
         <value>0x12724</value>
         <object_component_ref idref="oc-2a8"/>
      </symbol>
      <symbol id="sm-7dd">
         <name>__mspabi_fltif</name>
         <value>0x129c6</value>
         <object_component_ref idref="oc-2b7"/>
      </symbol>
      <symbol id="sm-7f4">
         <name>__mspabi_mpyf</name>
         <value>0x11df0</value>
         <object_component_ref idref="oc-2c1"/>
      </symbol>
      <symbol id="sm-806">
         <name>__mspabi_fixfi</name>
         <value>0x1241c</value>
         <object_component_ref idref="oc-2b2"/>
      </symbol>
      <symbol id="sm-809">
         <name>__TI_int41</name>
         <value>0xffd2</value>
         <object_component_ref idref="oc-69"/>
      </symbol>
      <symbol id="sm-80c">
         <name>__TI_int43</name>
         <value>0xffd6</value>
         <object_component_ref idref="oc-6b"/>
      </symbol>
      <symbol id="sm-80f">
         <name>__TI_int44</name>
         <value>0xffd8</value>
         <object_component_ref idref="oc-6c"/>
      </symbol>
      <symbol id="sm-812">
         <name>__TI_int45</name>
         <value>0xffda</value>
         <object_component_ref idref="oc-6d"/>
      </symbol>
      <symbol id="sm-815">
         <name>__TI_int46</name>
         <value>0xffdc</value>
         <object_component_ref idref="oc-6e"/>
      </symbol>
      <symbol id="sm-818">
         <name>__TI_int48</name>
         <value>0xffe0</value>
         <object_component_ref idref="oc-70"/>
      </symbol>
      <symbol id="sm-81b">
         <name>__TI_int49</name>
         <value>0xffe2</value>
         <object_component_ref idref="oc-71"/>
      </symbol>
      <symbol id="sm-81e">
         <name>__TI_int50</name>
         <value>0xffe4</value>
         <object_component_ref idref="oc-78"/>
      </symbol>
      <symbol id="sm-821">
         <name>__TI_int51</name>
         <value>0xffe6</value>
         <object_component_ref idref="oc-79"/>
      </symbol>
      <symbol id="sm-824">
         <name>__TI_int52</name>
         <value>0xffe8</value>
         <object_component_ref idref="oc-7a"/>
      </symbol>
      <symbol id="sm-827">
         <name>__TI_int53</name>
         <value>0xffea</value>
         <object_component_ref idref="oc-7b"/>
      </symbol>
      <symbol id="sm-82a">
         <name>__TI_int55</name>
         <value>0xffee</value>
         <object_component_ref idref="oc-7d"/>
      </symbol>
      <symbol id="sm-82d">
         <name>__TI_int56</name>
         <value>0xfff0</value>
         <object_component_ref idref="oc-7e"/>
      </symbol>
      <symbol id="sm-830">
         <name>__TI_int58</name>
         <value>0xfff4</value>
         <object_component_ref idref="oc-80"/>
      </symbol>
      <symbol id="sm-833">
         <name>__TI_int59</name>
         <value>0xfff6</value>
         <object_component_ref idref="oc-81"/>
      </symbol>
      <symbol id="sm-836">
         <name>__TI_int60</name>
         <value>0xfff8</value>
         <object_component_ref idref="oc-82"/>
      </symbol>
      <symbol id="sm-839">
         <name>__TI_int61</name>
         <value>0xfffa</value>
         <object_component_ref idref="oc-83"/>
      </symbol>
      <symbol id="sm-83c">
         <name>__TI_int62</name>
         <value>0xfffc</value>
         <object_component_ref idref="oc-84"/>
      </symbol>
      <symbol id="sm-844">
         <name>__TI_ISR_TRAP</name>
         <value>0x12d9a</value>
         <object_component_ref idref="oc-9b"/>
      </symbol>
      <symbol id="sm-855">
         <name>__mspabi_slll_9</name>
         <value>0x12884</value>
         <object_component_ref idref="oc-29c"/>
      </symbol>
      <symbol id="sm-856">
         <name>__mspabi_slll_8</name>
         <value>0x12888</value>
         <object_component_ref idref="oc-29c"/>
      </symbol>
      <symbol id="sm-857">
         <name>__mspabi_slll_7</name>
         <value>0x1288c</value>
         <object_component_ref idref="oc-29c"/>
      </symbol>
      <symbol id="sm-858">
         <name>__mspabi_slll_6</name>
         <value>0x12890</value>
         <object_component_ref idref="oc-29c"/>
      </symbol>
      <symbol id="sm-859">
         <name>__mspabi_slll_5</name>
         <value>0x12894</value>
         <object_component_ref idref="oc-29c"/>
      </symbol>
      <symbol id="sm-85a">
         <name>__mspabi_slll_4</name>
         <value>0x12898</value>
         <object_component_ref idref="oc-29c"/>
      </symbol>
      <symbol id="sm-85b">
         <name>__mspabi_slll_3</name>
         <value>0x1289c</value>
         <object_component_ref idref="oc-29c"/>
      </symbol>
      <symbol id="sm-85c">
         <name>__mspabi_slll_2</name>
         <value>0x128a0</value>
         <object_component_ref idref="oc-29c"/>
      </symbol>
      <symbol id="sm-85d">
         <name>__mspabi_slll_1</name>
         <value>0x128a4</value>
         <object_component_ref idref="oc-29c"/>
      </symbol>
      <symbol id="sm-85e">
         <name>__mspabi_slll</name>
         <value>0x12d14</value>
         <object_component_ref idref="oc-3a3"/>
      </symbol>
      <symbol id="sm-85f">
         <name>__mspabi_slll_15</name>
         <value>0x1286c</value>
         <object_component_ref idref="oc-29c"/>
      </symbol>
      <symbol id="sm-860">
         <name>__mspabi_slll_14</name>
         <value>0x12870</value>
         <object_component_ref idref="oc-29c"/>
      </symbol>
      <symbol id="sm-861">
         <name>__mspabi_slll_13</name>
         <value>0x12874</value>
         <object_component_ref idref="oc-29c"/>
      </symbol>
      <symbol id="sm-862">
         <name>__mspabi_slll_12</name>
         <value>0x12878</value>
         <object_component_ref idref="oc-29c"/>
      </symbol>
      <symbol id="sm-863">
         <name>__mspabi_slll_11</name>
         <value>0x1287c</value>
         <object_component_ref idref="oc-29c"/>
      </symbol>
      <symbol id="sm-864">
         <name>__mspabi_slll_10</name>
         <value>0x12880</value>
         <object_component_ref idref="oc-29c"/>
      </symbol>
      <symbol id="sm-875">
         <name>__mspabi_srll_8</name>
         <value>0x128c6</value>
         <object_component_ref idref="oc-34c"/>
      </symbol>
      <symbol id="sm-876">
         <name>__mspabi_srll_9</name>
         <value>0x128c2</value>
         <object_component_ref idref="oc-34c"/>
      </symbol>
      <symbol id="sm-877">
         <name>__mspabi_srll_6</name>
         <value>0x128ce</value>
         <object_component_ref idref="oc-34c"/>
      </symbol>
      <symbol id="sm-878">
         <name>__mspabi_srll_7</name>
         <value>0x128ca</value>
         <object_component_ref idref="oc-34c"/>
      </symbol>
      <symbol id="sm-879">
         <name>__mspabi_srll_4</name>
         <value>0x128d6</value>
         <object_component_ref idref="oc-34c"/>
      </symbol>
      <symbol id="sm-87a">
         <name>__mspabi_srll_5</name>
         <value>0x128d2</value>
         <object_component_ref idref="oc-34c"/>
      </symbol>
      <symbol id="sm-87b">
         <name>__mspabi_srll_2</name>
         <value>0x128de</value>
         <object_component_ref idref="oc-34c"/>
      </symbol>
      <symbol id="sm-87c">
         <name>__mspabi_srll_3</name>
         <value>0x128da</value>
         <object_component_ref idref="oc-34c"/>
      </symbol>
      <symbol id="sm-87d">
         <name>__mspabi_srll_1</name>
         <value>0x128e2</value>
         <object_component_ref idref="oc-34c"/>
      </symbol>
      <symbol id="sm-87e">
         <name>__mspabi_srll_15</name>
         <value>0x128aa</value>
         <object_component_ref idref="oc-34c"/>
      </symbol>
      <symbol id="sm-87f">
         <name>__mspabi_srll_14</name>
         <value>0x128ae</value>
         <object_component_ref idref="oc-34c"/>
      </symbol>
      <symbol id="sm-880">
         <name>__mspabi_srll_13</name>
         <value>0x128b2</value>
         <object_component_ref idref="oc-34c"/>
      </symbol>
      <symbol id="sm-881">
         <name>__mspabi_srll_12</name>
         <value>0x128b6</value>
         <object_component_ref idref="oc-34c"/>
      </symbol>
      <symbol id="sm-882">
         <name>__mspabi_srll_11</name>
         <value>0x128ba</value>
         <object_component_ref idref="oc-34c"/>
      </symbol>
      <symbol id="sm-883">
         <name>__mspabi_srll_10</name>
         <value>0x128be</value>
         <object_component_ref idref="oc-34c"/>
      </symbol>
      <symbol id="sm-884">
         <name>__mspabi_srll</name>
         <value>0x12d24</value>
         <object_component_ref idref="oc-345"/>
      </symbol>
      <symbol id="sm-897">
         <name>memcpy</name>
         <value>0x12cbc</value>
         <object_component_ref idref="oc-d1"/>
      </symbol>
      <symbol id="sm-8a1">
         <name>__mspabi_mpyi_f5hw</name>
         <value>0x12ca6</value>
         <object_component_ref idref="oc-36b"/>
      </symbol>
      <symbol id="sm-8a9">
         <name>__mspabi_mpyl_f5hw</name>
         <value>0x12bfa</value>
         <object_component_ref idref="oc-3b7"/>
      </symbol>
      <symbol id="sm-8b2">
         <name>_system_pre_init</name>
         <value>0x12dac</value>
         <object_component_ref idref="oc-ac"/>
      </symbol>
      <symbol id="sm-8c6">
         <name>__TI_renormd</name>
         <value>0x11f5a</value>
         <object_component_ref idref="oc-3ad"/>
      </symbol>
      <symbol id="sm-8d5">
         <name>strcat</name>
         <value>0x12c3c</value>
         <object_component_ref idref="oc-1c3"/>
      </symbol>
      <symbol id="sm-8e2">
         <name>strcpy</name>
         <value>0x12ce2</value>
         <object_component_ref idref="oc-25d"/>
      </symbol>
      <symbol id="sm-8f5">
         <name>strstr</name>
         <value>0x128e8</value>
         <object_component_ref idref="oc-22e"/>
      </symbol>
      <symbol id="sm-934">
         <name>strtod</name>
         <value>0x10452</value>
         <object_component_ref idref="oc-33d"/>
      </symbol>
      <symbol id="sm-940">
         <name>__mspabi_subd</name>
         <value>0x12a96</value>
         <object_component_ref idref="oc-2fe"/>
      </symbol>
      <symbol id="sm-94e">
         <name>abs</name>
         <value>0x12d5a</value>
         <object_component_ref idref="oc-381"/>
      </symbol>
      <symbol id="sm-95f">
         <name>__mspabi_sral</name>
         <value>0x12d04</value>
         <object_component_ref idref="oc-3a8"/>
      </symbol>
      <symbol id="sm-960">
         <name>__mspabi_sral_15</name>
         <value>0x1282e</value>
         <object_component_ref idref="oc-32a"/>
      </symbol>
      <symbol id="sm-961">
         <name>__mspabi_sral_14</name>
         <value>0x12832</value>
         <object_component_ref idref="oc-32a"/>
      </symbol>
      <symbol id="sm-962">
         <name>__mspabi_sral_13</name>
         <value>0x12836</value>
         <object_component_ref idref="oc-32a"/>
      </symbol>
      <symbol id="sm-963">
         <name>__mspabi_sral_12</name>
         <value>0x1283a</value>
         <object_component_ref idref="oc-32a"/>
      </symbol>
      <symbol id="sm-964">
         <name>__mspabi_sral_11</name>
         <value>0x1283e</value>
         <object_component_ref idref="oc-32a"/>
      </symbol>
      <symbol id="sm-965">
         <name>__mspabi_sral_10</name>
         <value>0x12842</value>
         <object_component_ref idref="oc-32a"/>
      </symbol>
      <symbol id="sm-966">
         <name>__mspabi_sral_8</name>
         <value>0x1284a</value>
         <object_component_ref idref="oc-32a"/>
      </symbol>
      <symbol id="sm-967">
         <name>__mspabi_sral_9</name>
         <value>0x12846</value>
         <object_component_ref idref="oc-32a"/>
      </symbol>
      <symbol id="sm-968">
         <name>__mspabi_sral_6</name>
         <value>0x12852</value>
         <object_component_ref idref="oc-32a"/>
      </symbol>
      <symbol id="sm-969">
         <name>__mspabi_sral_7</name>
         <value>0x1284e</value>
         <object_component_ref idref="oc-32a"/>
      </symbol>
      <symbol id="sm-96a">
         <name>__mspabi_sral_4</name>
         <value>0x1285a</value>
         <object_component_ref idref="oc-32a"/>
      </symbol>
      <symbol id="sm-96b">
         <name>__mspabi_sral_5</name>
         <value>0x12856</value>
         <object_component_ref idref="oc-32a"/>
      </symbol>
      <symbol id="sm-96c">
         <name>__mspabi_sral_2</name>
         <value>0x12862</value>
         <object_component_ref idref="oc-32a"/>
      </symbol>
      <symbol id="sm-96d">
         <name>__mspabi_sral_3</name>
         <value>0x1285e</value>
         <object_component_ref idref="oc-32a"/>
      </symbol>
      <symbol id="sm-96e">
         <name>__mspabi_sral_1</name>
         <value>0x12866</value>
         <object_component_ref idref="oc-32a"/>
      </symbol>
      <symbol id="sm-985">
         <name>_auto_init_hold_wdt</name>
         <value>0x122da</value>
         <object_component_ref idref="oc-b2"/>
      </symbol>
      <symbol id="sm-98c">
         <name>_Errno</name>
         <value>0x2608</value>
         <object_component_ref idref="oc-390"/>
      </symbol>
      <symbol id="sm-9ac">
         <name>__mspabi_mpyd</name>
         <value>0x10d02</value>
         <object_component_ref idref="oc-38a"/>
      </symbol>
      <symbol id="sm-9b5">
         <name>__mspabi_negd</name>
         <value>0x12b54</value>
         <object_component_ref idref="oc-37b"/>
      </symbol>
      <symbol id="sm-9c6">
         <name>__TI_frcmpyd</name>
         <value>0x10746</value>
         <object_component_ref idref="oc-3cb"/>
      </symbol>
      <symbol id="sm-9c7">
         <name>__TI_exit</name>
         <value>0x1</value>
      </symbol>
      <symbol id="sm-9c8">
         <name>__TI_args_main</name>
         <value>0x1</value>
      </symbol>
      <symbol id="sm-9c9">
         <name>__TI_INITARRAY_Base</name>
         <value>0x0</value>
      </symbol>
      <symbol id="sm-9ca">
         <name>__TI_INITARRAY_Limit</name>
         <value>0x0</value>
      </symbol>
      <symbol id="sm-9cd">
         <name>GPS_InitPort</name>
         <value>0x12ac8</value>
      </symbol>
      <symbol id="sm-9ce">
         <name>GPRS_InitPort</name>
         <value>0x12ac8</value>
      </symbol>
      <symbol id="sm-9cf">
         <name>BT_InitPort</name>
         <value>0x12ac8</value>
      </symbol>
   </symbol_table>
   <title>Link successful</title>
</link_info>
